GCASM List File (GCBASIC 0.98.06 2019-06-12 (Windows 32 bit))

Symbols:
A 	EQU 	0
ABDEN 	EQU 	0
ABDOVF 	EQU 	7
ACCESS 	EQU 	0
ACKDT 	EQU 	5
ACKEN 	EQU 	4
ACKSTAT 	EQU 	6
ACKTIM 	EQU 	7
ADCON0 	EQU 	157
ADCON1 	EQU 	158
ADCON2 	EQU 	159
ADCS0 	EQU 	4
ADCS1 	EQU 	5
ADCS2 	EQU 	6
ADD0 	EQU 	0
ADD1 	EQU 	1
ADD2 	EQU 	2
ADD3 	EQU 	3
ADD4 	EQU 	4
ADD5 	EQU 	5
ADD6 	EQU 	6
ADD7 	EQU 	7
ADDEN 	EQU 	3
ADFM 	EQU 	7
ADFVR0 	EQU 	0
ADFVR1 	EQU 	1
ADGO 	EQU 	1
ADIE 	EQU 	6
ADIF 	EQU 	6
ADNREF 	EQU 	2
ADON 	EQU 	0
ADPREF0 	EQU 	0
ADPREF1 	EQU 	1
ADREADPORT 	EQU 	32
ADRES 	EQU 	155
ADRESH 	EQU 	156
ADRESL 	EQU 	155
ADRMD 	EQU 	7
AFSR0 	EQU 	4
AFSR0_H 	EQU 	5
AHEN 	EQU 	1
AN11_READ 	EQU 	33
AN11_READ_E 	EQU 	36
AN11_READ_H 	EQU 	34
AN11_READ_U 	EQU 	35
AN13_READ 	EQU 	37
AN13_READ_E 	EQU 	40
AN13_READ_H 	EQU 	38
AN13_READ_U 	EQU 	39
ANSA0 	EQU 	0
ANSA1 	EQU 	1
ANSA2 	EQU 	2
ANSA3 	EQU 	3
ANSA4 	EQU 	4
ANSA5 	EQU 	5
ANSA7 	EQU 	7
ANSB0 	EQU 	0
ANSB1 	EQU 	1
ANSB2 	EQU 	2
ANSB3 	EQU 	3
ANSB4 	EQU 	4
ANSB5 	EQU 	5
ANSB6 	EQU 	6
ANSC0 	EQU 	0
ANSC1 	EQU 	1
ANSC2 	EQU 	2
ANSC3 	EQU 	3
ANSC4 	EQU 	4
ANSC5 	EQU 	5
ANSC6 	EQU 	6
ANSC7 	EQU 	7
ANSELA 	EQU 	396
ANSELB 	EQU 	397
ANSELC 	EQU 	398
APFCON 	EQU 	285
APFCON0 	EQU 	285
APFCON0_C2OUTSEL 	EQU 	7
APFCON0_CCP1SEL 	EQU 	6
APFCON0_CCP2SEL 	EQU 	0
APFCON0_RXSEL 	EQU 	1
APFCON0_SCKSEL 	EQU 	4
APFCON0_SDISEL 	EQU 	3
APFCON0_SDOSEL 	EQU 	5
APFCON0_TXSEL 	EQU 	2
APFCON1 	EQU 	285
APFCON2 	EQU 	284
APFCON_C2OUTSEL 	EQU 	7
APFCON_CCP1SEL 	EQU 	6
APFCON_CCP2SEL 	EQU 	0
APFCON_RXSEL 	EQU 	1
APFCON_SCKSEL 	EQU 	4
APFCON_SDISEL 	EQU 	3
APFCON_SDOSEL 	EQU 	5
APFCON_TXSEL 	EQU 	2
B 	EQU 	1
BANKED 	EQU 	1
BASPROGRAMEND 	EQU 	445
BASPROGRAMSTART 	EQU 	5
BAUD1CON 	EQU 	415
BAUDCON 	EQU 	415
BAUDCON1 	EQU 	415
BAUDCON1_ABDEN 	EQU 	0
BAUDCON1_ABDOVF 	EQU 	7
BAUDCON1_BRG16 	EQU 	3
BAUDCON1_RCIDL 	EQU 	6
BAUDCON1_SCKP 	EQU 	4
BAUDCON1_WUE 	EQU 	1
BAUDCON_ABDEN 	EQU 	0
BAUDCON_ABDOVF 	EQU 	7
BAUDCON_BRG16 	EQU 	3
BAUDCON_RCIDL 	EQU 	6
BAUDCON_SCKP 	EQU 	4
BAUDCON_WUE 	EQU 	1
BAUDCTL 	EQU 	415
BAUDCTL1 	EQU 	415
BAUDCTL1_ABDEN 	EQU 	0
BAUDCTL1_ABDOVF 	EQU 	7
BAUDCTL1_BRG16 	EQU 	3
BAUDCTL1_RCIDL 	EQU 	6
BAUDCTL1_SCKP 	EQU 	4
BAUDCTL1_WUE 	EQU 	1
BAUDCTL_ABDEN 	EQU 	0
BAUDCTL_ABDOVF 	EQU 	7
BAUDCTL_BRG16 	EQU 	3
BAUDCTL_RCIDL 	EQU 	6
BAUDCTL_SCKP 	EQU 	4
BAUDCTL_WUE 	EQU 	1
BCL1IE 	EQU 	3
BCL1IF 	EQU 	3
BF 	EQU 	0
BOEN 	EQU 	4
BORCON 	EQU 	278
BORFS 	EQU 	6
BORRDY 	EQU 	0
BRG16 	EQU 	3
BRGH 	EQU 	2
BSR 	EQU 	8
BSR0 	EQU 	0
BSR1 	EQU 	1
BSR2 	EQU 	2
BSR3 	EQU 	3
BSR4 	EQU 	4
BSR_SHAD 	EQU 	4070
BUF0 	EQU 	0
BUF1 	EQU 	1
BUF2 	EQU 	2
BUF3 	EQU 	3
BUF4 	EQU 	4
BUF5 	EQU 	5
BUF6 	EQU 	6
BUF7 	EQU 	7
C 	EQU 	0
C1HYS 	EQU 	1
C1IE 	EQU 	5
C1IF 	EQU 	5
C1INTN 	EQU 	6
C1INTP 	EQU 	7
C1NCH0 	EQU 	0
C1NCH1 	EQU 	1
C1NCH2 	EQU 	2
C1OE 	EQU 	5
C1ON 	EQU 	7
C1OUT 	EQU 	6
C1PCH0 	EQU 	3
C1PCH1 	EQU 	4
C1PCH2 	EQU 	5
C1POL 	EQU 	4
C1SP 	EQU 	2
C1SYNC 	EQU 	0
C1ZLF 	EQU 	3
C2HYS 	EQU 	1
C2IE 	EQU 	6
C2IF 	EQU 	6
C2INTN 	EQU 	6
C2INTP 	EQU 	7
C2NCH0 	EQU 	0
C2NCH1 	EQU 	1
C2NCH2 	EQU 	2
C2OE 	EQU 	5
C2ON 	EQU 	7
C2OUT 	EQU 	6
C2OUTSEL 	EQU 	7
C2PCH0 	EQU 	3
C2PCH1 	EQU 	4
C2PCH2 	EQU 	5
C2POL 	EQU 	4
C2SP 	EQU 	2
C2SYNC 	EQU 	0
C2ZLF 	EQU 	3
C3HYS 	EQU 	1
C3IE 	EQU 	1
C3IF 	EQU 	1
C3INTN 	EQU 	6
C3INTP 	EQU 	7
C3NCH0 	EQU 	0
C3NCH1 	EQU 	1
C3NCH2 	EQU 	2
C3OE 	EQU 	5
C3ON 	EQU 	7
C3OUT 	EQU 	6
C3PCH0 	EQU 	3
C3PCH1 	EQU 	4
C3PCH2 	EQU 	5
C3POL 	EQU 	4
C3SP 	EQU 	2
C3SYNC 	EQU 	0
C3ZLF 	EQU 	3
C4HYS 	EQU 	1
C4IE 	EQU 	2
C4IF 	EQU 	2
C4INTN 	EQU 	6
C4INTP 	EQU 	7
C4NCH0 	EQU 	0
C4NCH1 	EQU 	1
C4NCH2 	EQU 	2
C4OE 	EQU 	5
C4ON 	EQU 	7
C4OUT 	EQU 	6
C4PCH0 	EQU 	3
C4PCH1 	EQU 	4
C4PCH2 	EQU 	5
C4POL 	EQU 	4
C4SP 	EQU 	2
C4SYNC 	EQU 	0
C4ZLF 	EQU 	3
CCP1CON 	EQU 	659
CCP1IE 	EQU 	2
CCP1IF 	EQU 	2
CCP1M0 	EQU 	0
CCP1M1 	EQU 	1
CCP1M2 	EQU 	2
CCP1M3 	EQU 	3
CCP1SEL 	EQU 	6
CCP2CON 	EQU 	666
CCP2IE 	EQU 	0
CCP2IF 	EQU 	0
CCP2M0 	EQU 	0
CCP2M1 	EQU 	1
CCP2M2 	EQU 	2
CCP2M3 	EQU 	3
CCP2SEL 	EQU 	0
CCP3CON 	EQU 	787
CCP3IE 	EQU 	4
CCP3IF 	EQU 	4
CCP3M0 	EQU 	0
CCP3M1 	EQU 	1
CCP3M2 	EQU 	2
CCP3M3 	EQU 	3
CCP3SEL 	EQU 	0
CCPR1 	EQU 	657
CCPR1H 	EQU 	658
CCPR1L 	EQU 	657
CCPR2 	EQU 	664
CCPR2H 	EQU 	665
CCPR2L 	EQU 	664
CCPR3 	EQU 	785
CCPR3H 	EQU 	786
CCPR3L 	EQU 	785
CDAFVR0 	EQU 	2
CDAFVR1 	EQU 	3
CFGS 	EQU 	6
CHS0 	EQU 	2
CHS1 	EQU 	3
CHS2 	EQU 	4
CHS3 	EQU 	5
CHS4 	EQU 	6
CHSN0 	EQU 	0
CHSN1 	EQU 	1
CHSN2 	EQU 	2
CHSN3 	EQU 	3
CKE 	EQU 	6
CKP 	EQU 	4
CLKRCON 	EQU 	1306
CLKRDC0 	EQU 	3
CLKRDC1 	EQU 	4
CLKRDIV0 	EQU 	0
CLKRDIV1 	EQU 	1
CLKRDIV2 	EQU 	2
CLKREN 	EQU 	7
CLKROE 	EQU 	6
CLKRSLR 	EQU 	5
CM1CON0 	EQU 	273
CM1CON1 	EQU 	274
CM2CON0 	EQU 	275
CM2CON1 	EQU 	276
CM3CON0 	EQU 	286
CM3CON1 	EQU 	287
CM4CON0 	EQU 	282
CM4CON1 	EQU 	283
CMOUT 	EQU 	277
CREN 	EQU 	4
CSRC 	EQU 	7
C_SHAD 	EQU 	0
D10US_START 	EQU 	447
DAC1CON0 	EQU 	280
DAC1CON1 	EQU 	281
DAC1EN 	EQU 	7
DAC1NSS 	EQU 	0
DAC1OE1 	EQU 	5
DAC1OE2 	EQU 	4
DAC1PSS0 	EQU 	2
DAC1PSS1 	EQU 	3
DAC1R0 	EQU 	0
DAC1R1 	EQU 	1
DAC1R2 	EQU 	2
DAC1R3 	EQU 	3
DAC1R4 	EQU 	4
DAC1R5 	EQU 	5
DAC1R6 	EQU 	6
DAC1R7 	EQU 	7
DAC2CON0 	EQU 	1425
DAC2CON1 	EQU 	1426
DAC2EN 	EQU 	7
DAC2OE1 	EQU 	5
DAC2OE2 	EQU 	4
DAC2REF 	EQU 	1426
DAC3CON0 	EQU 	1427
DAC3CON1 	EQU 	1428
DAC3EN 	EQU 	7
DAC3OE1 	EQU 	5
DAC3OE2 	EQU 	4
DAC3REF 	EQU 	1428
DAC4CON0 	EQU 	1429
DAC4CON1 	EQU 	1430
DAC4EN 	EQU 	7
DAC4OE1 	EQU 	5
DAC4OE2 	EQU 	4
DAC4REF 	EQU 	1430
DACEN 	EQU 	7
DACNSS 	EQU 	0
DACOE0 	EQU 	4
DACOE1 	EQU 	5
DACPSS0 	EQU 	2
DACPSS1 	EQU 	3
DACR0 	EQU 	0
DACR1 	EQU 	1
DACR2 	EQU 	2
DACR3 	EQU 	3
DACR4 	EQU 	4
DACR5 	EQU 	5
DACR6 	EQU 	6
DACR7 	EQU 	7
DC 	EQU 	1
DC1B0 	EQU 	4
DC1B1 	EQU 	5
DC2B0 	EQU 	4
DC2B1 	EQU 	5
DC3B0 	EQU 	4
DC3B1 	EQU 	5
DC_SHAD 	EQU 	1
DELAYTEMP 	EQU 	112
DELAYTEMP2 	EQU 	113
DELAYUS0 	EQU 	449
DELAYUS1 	EQU 	703
DELAYUS10 	EQU 	784
DELAYUS11 	EQU 	790
DELAYUS12 	EQU 	801
DELAYUS2 	EQU 	713
DELAYUS3 	EQU 	722
DELAYUS4 	EQU 	733
DELAYUS5 	EQU 	739
DELAYUS6 	EQU 	750
DELAYUS7 	EQU 	756
DELAYUS8 	EQU 	767
DELAYUS9 	EQU 	773
DELAYUSO10 	EQU 	783
DELAYUSO4 	EQU 	732
DELAYUSO6 	EQU 	749
DELAYUSO8 	EQU 	766
DELAY_10US 	EQU 	447
DELAY_MS 	EQU 	455
DHEN 	EQU 	0
DMS_INNER 	EQU 	460
DMS_OUTER 	EQU 	458
DMS_START 	EQU 	456
DONE 	EQU 	1
DUTY 	EQU 	41
DUTY_E 	EQU 	44
DUTY_H 	EQU 	42
DUTY_U 	EQU 	43
D_NOT_A 	EQU 	5
EEADR 	EQU 	401
EEADRH 	EQU 	402
EEADRL 	EQU 	401
EECON1 	EQU 	405
EECON2 	EQU 	406
EEDAT 	EQU 	403
EEDATH 	EQU 	404
EEDATL 	EQU 	403
EEIE 	EQU 	4
EEIF 	EQU 	4
EEPGD 	EQU 	7
ELSE2_1 	EQU 	428
EN 	EQU 	7
ENDIF1 	EQU 	423
ENDIF11 	EQU 	953
ENDIF12 	EQU 	965
ENDIF15 	EQU 	1006
ENDIF16 	EQU 	1035
ENDIF18 	EQU 	1067
ENDIF2 	EQU 	444
ENDIF20 	EQU 	1083
ENDIF21 	EQU 	1093
ENDIF23 	EQU 	948
ENDIF24 	EQU 	961
ENDIF25 	EQU 	990
ENDIF26 	EQU 	1006
ENDIF27 	EQU 	1019
ENDIF28 	EQU 	1035
ENDIF3 	EQU 	649
ENDIF31 	EQU 	1058
ENDIF32 	EQU 	1067
ENDIF33 	EQU 	1081
ENDIF34 	EQU 	1091
ENDIF35 	EQU 	987
ENDIF36 	EQU 	997
ENDIF37 	EQU 	1016
ENDIF38 	EQU 	1026
ENDIF39 	EQU 	1056
ENDIF4 	EQU 	654
ENDIF40 	EQU 	1065
ENDIF46 	EQU 	825
ENDIF47 	EQU 	707
ENDIF48 	EQU 	716
ENDIF49 	EQU 	726
ENDIF5 	EQU 	659
ENDIF50 	EQU 	743
ENDIF51 	EQU 	760
ENDIF52 	EQU 	777
ENDIF53 	EQU 	793
ENDIF56 	EQU 	1262
ENDIF58 	EQU 	1182
ENDIF59 	EQU 	1213
ENDIF6 	EQU 	664
ENDIF7 	EQU 	669
ENDIF8 	EQU 	486
F 	EQU 	1
FERR 	EQU 	2
FN_READAD126 	EQU 	511
FREE 	EQU 	4
FSR0 	EQU 	4
FSR0H 	EQU 	5
FSR0H_SHAD 	EQU 	4073
FSR0L 	EQU 	4
FSR0L_SHAD 	EQU 	4072
FSR1 	EQU 	6
FSR1H 	EQU 	7
FSR1H_SHAD 	EQU 	4075
FSR1L 	EQU 	6
FSR1L_SHAD 	EQU 	4074
FVRCON 	EQU 	279
FVREN 	EQU 	7
FVRRDY 	EQU 	6
GCEN 	EQU 	7
GIE 	EQU 	7
GO 	EQU 	1
GO_DONE 	EQU 	1
GO_NOT_DONE 	EQU 	1
HFIOFL 	EQU 	3
HFIOFR 	EQU 	4
HFIOFS 	EQU 	0
INDF0 	EQU 	0
INDF1 	EQU 	1
INITSER 	EQU 	469
INITSYS 	EQU 	490
INLVLA 	EQU 	908
INLVLA0 	EQU 	0
INLVLA1 	EQU 	1
INLVLA2 	EQU 	2
INLVLA3 	EQU 	3
INLVLA4 	EQU 	4
INLVLA5 	EQU 	5
INLVLA6 	EQU 	6
INLVLA7 	EQU 	7
INLVLB 	EQU 	909
INLVLB0 	EQU 	0
INLVLB1 	EQU 	1
INLVLB2 	EQU 	2
INLVLB3 	EQU 	3
INLVLB4 	EQU 	4
INLVLB5 	EQU 	5
INLVLB6 	EQU 	6
INLVLB7 	EQU 	7
INLVLC 	EQU 	910
INLVLC0 	EQU 	0
INLVLC1 	EQU 	1
INLVLC2 	EQU 	2
INLVLC3 	EQU 	3
INLVLC4 	EQU 	4
INLVLC5 	EQU 	5
INLVLC6 	EQU 	6
INLVLC7 	EQU 	7
INLVLE 	EQU 	912
INLVLE3 	EQU 	3
INTCON 	EQU 	11
INTE 	EQU 	4
INTEDG 	EQU 	6
INTF 	EQU 	1
IOCAF 	EQU 	915
IOCAF0 	EQU 	0
IOCAF1 	EQU 	1
IOCAF2 	EQU 	2
IOCAF3 	EQU 	3
IOCAF4 	EQU 	4
IOCAF5 	EQU 	5
IOCAF6 	EQU 	6
IOCAF7 	EQU 	7
IOCAN 	EQU 	914
IOCAN0 	EQU 	0
IOCAN1 	EQU 	1
IOCAN2 	EQU 	2
IOCAN3 	EQU 	3
IOCAN4 	EQU 	4
IOCAN5 	EQU 	5
IOCAN6 	EQU 	6
IOCAN7 	EQU 	7
IOCAP 	EQU 	913
IOCAP0 	EQU 	0
IOCAP1 	EQU 	1
IOCAP2 	EQU 	2
IOCAP3 	EQU 	3
IOCAP4 	EQU 	4
IOCAP5 	EQU 	5
IOCAP6 	EQU 	6
IOCAP7 	EQU 	7
IOCBF 	EQU 	918
IOCBF0 	EQU 	0
IOCBF1 	EQU 	1
IOCBF2 	EQU 	2
IOCBF3 	EQU 	3
IOCBF4 	EQU 	4
IOCBF5 	EQU 	5
IOCBF6 	EQU 	6
IOCBF7 	EQU 	7
IOCBN 	EQU 	917
IOCBN0 	EQU 	0
IOCBN1 	EQU 	1
IOCBN2 	EQU 	2
IOCBN3 	EQU 	3
IOCBN4 	EQU 	4
IOCBN5 	EQU 	5
IOCBN6 	EQU 	6
IOCBN7 	EQU 	7
IOCBP 	EQU 	916
IOCBP0 	EQU 	0
IOCBP1 	EQU 	1
IOCBP2 	EQU 	2
IOCBP3 	EQU 	3
IOCBP4 	EQU 	4
IOCBP5 	EQU 	5
IOCBP6 	EQU 	6
IOCBP7 	EQU 	7
IOCCF 	EQU 	921
IOCCF0 	EQU 	0
IOCCF1 	EQU 	1
IOCCF2 	EQU 	2
IOCCF3 	EQU 	3
IOCCF4 	EQU 	4
IOCCF5 	EQU 	5
IOCCF6 	EQU 	6
IOCCF7 	EQU 	7
IOCCN 	EQU 	920
IOCCN0 	EQU 	0
IOCCN1 	EQU 	1
IOCCN2 	EQU 	2
IOCCN3 	EQU 	3
IOCCN4 	EQU 	4
IOCCN5 	EQU 	5
IOCCN6 	EQU 	6
IOCCN7 	EQU 	7
IOCCP 	EQU 	919
IOCCP0 	EQU 	0
IOCCP1 	EQU 	1
IOCCP2 	EQU 	2
IOCCP3 	EQU 	3
IOCCP4 	EQU 	4
IOCCP5 	EQU 	5
IOCCP6 	EQU 	6
IOCCP7 	EQU 	7
IOCEF 	EQU 	927
IOCEF3 	EQU 	3
IOCEN 	EQU 	926
IOCEN3 	EQU 	3
IOCEP 	EQU 	925
IOCEP3 	EQU 	3
IOCIE 	EQU 	3
IOCIF 	EQU 	0
IRCF0 	EQU 	3
IRCF1 	EQU 	4
IRCF2 	EQU 	5
IRCF3 	EQU 	6
LATA 	EQU 	268
LATA0 	EQU 	0
LATA1 	EQU 	1
LATA2 	EQU 	2
LATA3 	EQU 	3
LATA4 	EQU 	4
LATA5 	EQU 	5
LATA6 	EQU 	6
LATA7 	EQU 	7
LATB 	EQU 	269
LATB0 	EQU 	0
LATB1 	EQU 	1
LATB2 	EQU 	2
LATB3 	EQU 	3
LATB4 	EQU 	4
LATB5 	EQU 	5
LATB6 	EQU 	6
LATB7 	EQU 	7
LATC 	EQU 	270
LATC0 	EQU 	0
LATC1 	EQU 	1
LATC2 	EQU 	2
LATC3 	EQU 	3
LATC4 	EQU 	4
LATC5 	EQU 	5
LATC6 	EQU 	6
LATC7 	EQU 	7
LFIOFR 	EQU 	1
LWLO 	EQU 	5
MC1OUT 	EQU 	0
MC2OUT 	EQU 	1
MC3OUT 	EQU 	2
MC4OUT 	EQU 	3
MFIOFR 	EQU 	2
MSK0 	EQU 	0
MSK1 	EQU 	1
MSK2 	EQU 	2
MSK3 	EQU 	3
MSK4 	EQU 	4
MSK5 	EQU 	5
MSK6 	EQU 	6
MSK7 	EQU 	7
MUL32LOOP 	EQU 	1252
NOT_BOR 	EQU 	0
NOT_PD 	EQU 	3
NOT_POR 	EQU 	1
NOT_RI 	EQU 	2
NOT_RMCLR 	EQU 	3
NOT_RWDT 	EQU 	4
NOT_T1SYNC 	EQU 	2
NOT_TO 	EQU 	4
NOT_WPUEN 	EQU 	7
ODCONA 	EQU 	652
ODCONA0 	EQU 	0
ODCONA1 	EQU 	1
ODCONA2 	EQU 	2
ODCONA3 	EQU 	3
ODCONA4 	EQU 	4
ODCONA5 	EQU 	5
ODCONA6 	EQU 	6
ODCONA7 	EQU 	7
ODCONB 	EQU 	653
ODCONB0 	EQU 	0
ODCONB1 	EQU 	1
ODCONB2 	EQU 	2
ODCONB3 	EQU 	3
ODCONB4 	EQU 	4
ODCONB5 	EQU 	5
ODCONB6 	EQU 	6
ODCONB7 	EQU 	7
ODCONC 	EQU 	654
ODCONC0 	EQU 	0
ODCONC1 	EQU 	1
ODCONC2 	EQU 	2
ODCONC3 	EQU 	3
ODCONC4 	EQU 	4
ODCONC5 	EQU 	5
ODCONC6 	EQU 	6
ODCONC7 	EQU 	7
OERR 	EQU 	1
OPA1CON 	EQU 	1297
OPA1EN 	EQU 	7
OPA1PCH0 	EQU 	0
OPA1PCH1 	EQU 	1
OPA1PCH2 	EQU 	2
OPA1SP 	EQU 	6
OPA2CON 	EQU 	1299
OPA2CON_EN 	EQU 	7
OPA2CON_PCH0 	EQU 	0
OPA2CON_PCH1 	EQU 	1
OPA2CON_PCH2 	EQU 	2
OPA2CON_SP 	EQU 	6
OPA2EN 	EQU 	7
OPA2PCH0 	EQU 	0
OPA2PCH1 	EQU 	1
OPA2PCH2 	EQU 	2
OPA2SP 	EQU 	6
OPTION_REG 	EQU 	149
OSCCON 	EQU 	153
OSCSTAT 	EQU 	154
OSCTUNE 	EQU 	152
OSFIE 	EQU 	7
OSFIF 	EQU 	7
OSTS 	EQU 	5
P 	EQU 	4
P1ARSEN 	EQU 	5
P1ASDEN 	EQU 	6
P1ASDLA 	EQU 	0
P1ASDLB 	EQU 	1
P1ASDLC 	EQU 	2
P1ASDLD 	EQU 	3
P1ASDLE 	EQU 	4
P1ASDLF 	EQU 	5
P1ASDOV 	EQU 	0
P1ASDSC1 	EQU 	1
P1ASDSC2 	EQU 	2
P1ASDSC3 	EQU 	3
P1ASDSC4 	EQU 	4
P1ASDSIN 	EQU 	7
P1ASE 	EQU 	7
P1CPRE0 	EQU 	4
P1CPRE1 	EQU 	5
P1CSRC0 	EQU 	0
P1CSRC1 	EQU 	1
P1DBFE 	EQU 	5
P1DBRE 	EQU 	4
P1DCPOL 	EQU 	5
P1DCSC1 	EQU 	1
P1DCSC2 	EQU 	2
P1DCSC3 	EQU 	3
P1DCSC4 	EQU 	4
P1DCSIN 	EQU 	7
P1DCST 	EQU 	0
P1FEBM0 	EQU 	4
P1FEBM1 	EQU 	5
P1FEBSC1 	EQU 	1
P1FEBSC2 	EQU 	2
P1FEBSC3 	EQU 	3
P1FEBSC4 	EQU 	4
P1FEBSIN 	EQU 	7
P1HSMEN 	EQU 	0
P1INPOL 	EQU 	6
P1LSMEN 	EQU 	1
P1MDLBIT 	EQU 	5
P1MDLEN 	EQU 	7
P1MDLPOL 	EQU 	6
P1MODE0 	EQU 	0
P1MODE1 	EQU 	1
P1MODE2 	EQU 	2
P1MODE3 	EQU 	3
P1MSRC0 	EQU 	0
P1MSRC1 	EQU 	1
P1MSRC2 	EQU 	2
P1MSRC3 	EQU 	3
P1OEA 	EQU 	0
P1OEB 	EQU 	1
P1OEC 	EQU 	2
P1OED 	EQU 	3
P1OEE 	EQU 	4
P1OEF 	EQU 	5
P1PHSC1 	EQU 	1
P1PHSC2 	EQU 	2
P1PHSC3 	EQU 	3
P1PHSC4 	EQU 	4
P1PHSIN 	EQU 	7
P1PHST 	EQU 	0
P1POFST 	EQU 	7
P1POLA 	EQU 	0
P1POLB 	EQU 	1
P1POLC 	EQU 	2
P1POLD 	EQU 	3
P1POLE 	EQU 	4
P1POLF 	EQU 	5
P1PRPOL 	EQU 	6
P1PRSC1 	EQU 	1
P1PRSC2 	EQU 	2
P1PRSC3 	EQU 	3
P1PRSC4 	EQU 	4
P1PRSIN 	EQU 	7
P1PRST 	EQU 	0
P1REBM0 	EQU 	0
P1REBM1 	EQU 	1
P1REBSC1 	EQU 	1
P1REBSC2 	EQU 	2
P1REBSC3 	EQU 	3
P1REBSC4 	EQU 	4
P1REBSIN 	EQU 	7
P1SSYNC 	EQU 	7
P1STRA 	EQU 	0
P1STRB 	EQU 	1
P1STRC 	EQU 	2
P1STRD 	EQU 	3
P1STRE 	EQU 	4
P1STRF 	EQU 	5
P1SYNC0 	EQU 	0
P1SYNC1 	EQU 	1
P1SYNC2 	EQU 	2
P1TDCIE 	EQU 	5
P1TDCIF 	EQU 	1
P1TOVIE 	EQU 	7
P1TOVIF 	EQU 	3
P1TPHIE 	EQU 	6
P1TPHIF 	EQU 	2
P1TPRIE 	EQU 	4
P1TPRIF 	EQU 	0
P2ARSEN 	EQU 	5
P2ASDEN 	EQU 	6
P2ASDLA 	EQU 	0
P2ASDLB 	EQU 	1
P2ASDOV 	EQU 	0
P2ASDSC1 	EQU 	1
P2ASDSC2 	EQU 	2
P2ASDSC3 	EQU 	3
P2ASDSC4 	EQU 	4
P2ASDSIN 	EQU 	7
P2ASE 	EQU 	7
P2CPRE0 	EQU 	4
P2CPRE1 	EQU 	5
P2CSRC0 	EQU 	0
P2CSRC1 	EQU 	1
P2DBFE 	EQU 	5
P2DBRE 	EQU 	4
P2DCPOL 	EQU 	5
P2DCSC1 	EQU 	1
P2DCSC2 	EQU 	2
P2DCSC3 	EQU 	3
P2DCSC4 	EQU 	4
P2DCSIN 	EQU 	7
P2DCST 	EQU 	0
P2FEBM0 	EQU 	4
P2FEBM1 	EQU 	5
P2FEBSC1 	EQU 	1
P2FEBSC2 	EQU 	2
P2FEBSC3 	EQU 	3
P2FEBSC4 	EQU 	4
P2FEBSIN 	EQU 	7
P2HSMEN 	EQU 	0
P2INPOL 	EQU 	6
P2LSMEN 	EQU 	1
P2MDLBIT 	EQU 	5
P2MDLEN 	EQU 	7
P2MDLPOL 	EQU 	6
P2MODE0 	EQU 	0
P2MODE1 	EQU 	1
P2MODE2 	EQU 	2
P2MODE3 	EQU 	3
P2MSRC0 	EQU 	0
P2MSRC1 	EQU 	1
P2MSRC2 	EQU 	2
P2MSRC3 	EQU 	3
P2OEA 	EQU 	0
P2OEB 	EQU 	1
P2PHSC1 	EQU 	1
P2PHSC2 	EQU 	2
P2PHSC3 	EQU 	3
P2PHSC4 	EQU 	4
P2PHSIN 	EQU 	7
P2PHST 	EQU 	0
P2POFST 	EQU 	7
P2POLA 	EQU 	0
P2POLB 	EQU 	1
P2PRPOL 	EQU 	6
P2PRSC1 	EQU 	1
P2PRSC2 	EQU 	2
P2PRSC3 	EQU 	3
P2PRSC4 	EQU 	4
P2PRSIN 	EQU 	7
P2PRST 	EQU 	0
P2REBM0 	EQU 	0
P2REBM1 	EQU 	1
P2REBSC1 	EQU 	1
P2REBSC2 	EQU 	2
P2REBSC3 	EQU 	3
P2REBSC4 	EQU 	4
P2REBSIN 	EQU 	7
P2SSYNC 	EQU 	7
P2STRA 	EQU 	0
P2STRB 	EQU 	1
P2SYNC0 	EQU 	0
P2SYNC1 	EQU 	1
P2SYNC2 	EQU 	2
P2TDCIE 	EQU 	5
P2TDCIF 	EQU 	1
P2TOVIE 	EQU 	7
P2TOVIF 	EQU 	3
P2TPHIE 	EQU 	6
P2TPHIF 	EQU 	2
P2TPRIE 	EQU 	4
P2TPRIF 	EQU 	0
P3ARSEN 	EQU 	5
P3ASDEN 	EQU 	6
P3ASDLA 	EQU 	0
P3ASDLB 	EQU 	1
P3ASDOV 	EQU 	0
P3ASDSC1 	EQU 	1
P3ASDSC2 	EQU 	2
P3ASDSC3 	EQU 	3
P3ASDSC4 	EQU 	4
P3ASDSIN 	EQU 	7
P3ASE 	EQU 	7
P3CPRE0 	EQU 	4
P3CPRE1 	EQU 	5
P3CSRC0 	EQU 	0
P3CSRC1 	EQU 	1
P3DBFE 	EQU 	5
P3DBRE 	EQU 	4
P3DCPOL 	EQU 	5
P3DCSC1 	EQU 	1
P3DCSC2 	EQU 	2
P3DCSC3 	EQU 	3
P3DCSC4 	EQU 	4
P3DCSIN 	EQU 	7
P3DCST 	EQU 	0
P3FEBM0 	EQU 	4
P3FEBM1 	EQU 	5
P3FEBSC1 	EQU 	1
P3FEBSC2 	EQU 	2
P3FEBSC3 	EQU 	3
P3FEBSC4 	EQU 	4
P3FEBSIN 	EQU 	7
P3HSMEN 	EQU 	0
P3INPOL 	EQU 	6
P3LSMEN 	EQU 	1
P3MDLBIT 	EQU 	5
P3MDLEN 	EQU 	7
P3MDLPOL 	EQU 	6
P3MODE0 	EQU 	0
P3MODE1 	EQU 	1
P3MODE2 	EQU 	2
P3MODE3 	EQU 	3
P3MSRC0 	EQU 	0
P3MSRC1 	EQU 	1
P3MSRC2 	EQU 	2
P3MSRC3 	EQU 	3
P3OEA 	EQU 	0
P3OEB 	EQU 	1
P3PHSC1 	EQU 	1
P3PHSC2 	EQU 	2
P3PHSC3 	EQU 	3
P3PHSC4 	EQU 	4
P3PHSIN 	EQU 	7
P3PHST 	EQU 	0
P3POFST 	EQU 	7
P3POLA 	EQU 	0
P3POLB 	EQU 	1
P3PRPOL 	EQU 	6
P3PRSC1 	EQU 	1
P3PRSC2 	EQU 	2
P3PRSC3 	EQU 	3
P3PRSC4 	EQU 	4
P3PRSIN 	EQU 	7
P3PRST 	EQU 	0
P3REBM0 	EQU 	0
P3REBM1 	EQU 	1
P3REBSC1 	EQU 	1
P3REBSC2 	EQU 	2
P3REBSC3 	EQU 	3
P3REBSC4 	EQU 	4
P3REBSIN 	EQU 	7
P3SSYNC 	EQU 	7
P3STRA 	EQU 	0
P3STRB 	EQU 	1
P3SYNC0 	EQU 	0
P3SYNC1 	EQU 	1
P3SYNC2 	EQU 	2
P3TDCIE 	EQU 	5
P3TDCIF 	EQU 	1
P3TOVIE 	EQU 	7
P3TOVIF 	EQU 	3
P3TPHIE 	EQU 	6
P3TPHIF 	EQU 	2
P3TPRIE 	EQU 	4
P3TPRIF 	EQU 	0
P4ARSEN 	EQU 	5
P4ASDEN 	EQU 	6
P4ASDLA 	EQU 	0
P4ASDLB 	EQU 	1
P4ASDOV 	EQU 	0
P4ASDSC1 	EQU 	1
P4ASDSC2 	EQU 	2
P4ASDSC3 	EQU 	3
P4ASDSC4 	EQU 	4
P4ASDSIN 	EQU 	7
P4ASE 	EQU 	7
P4CPRE0 	EQU 	4
P4CPRE1 	EQU 	5
P4CSRC0 	EQU 	0
P4CSRC1 	EQU 	1
P4DBFE 	EQU 	5
P4DBRE 	EQU 	4
P4DCPOL 	EQU 	5
P4DCSC1 	EQU 	1
P4DCSC2 	EQU 	2
P4DCSC3 	EQU 	3
P4DCSC4 	EQU 	4
P4DCSIN 	EQU 	7
P4DCST 	EQU 	0
P4FEBM0 	EQU 	4
P4FEBM1 	EQU 	5
P4FEBSC1 	EQU 	1
P4FEBSC2 	EQU 	2
P4FEBSC3 	EQU 	3
P4FEBSC4 	EQU 	4
P4FEBSIN 	EQU 	7
P4HSMEN 	EQU 	0
P4INPOL 	EQU 	6
P4LSMEN 	EQU 	1
P4MDLBIT 	EQU 	5
P4MDLEN 	EQU 	7
P4MDLPOL 	EQU 	6
P4MODE0 	EQU 	0
P4MODE1 	EQU 	1
P4MODE2 	EQU 	2
P4MODE3 	EQU 	3
P4MSRC0 	EQU 	0
P4MSRC1 	EQU 	1
P4MSRC2 	EQU 	2
P4MSRC3 	EQU 	3
P4OEA 	EQU 	0
P4OEB 	EQU 	1
P4PHSC1 	EQU 	1
P4PHSC2 	EQU 	2
P4PHSC3 	EQU 	3
P4PHSC4 	EQU 	4
P4PHSIN 	EQU 	7
P4PHST 	EQU 	0
P4POFST 	EQU 	7
P4POLA 	EQU 	0
P4POLB 	EQU 	1
P4PRPOL 	EQU 	6
P4PRSC1 	EQU 	1
P4PRSC2 	EQU 	2
P4PRSC3 	EQU 	3
P4PRSC4 	EQU 	4
P4PRSIN 	EQU 	7
P4PRST 	EQU 	0
P4REBM0 	EQU 	0
P4REBM1 	EQU 	1
P4REBSC1 	EQU 	1
P4REBSC2 	EQU 	2
P4REBSC3 	EQU 	3
P4REBSC4 	EQU 	4
P4REBSIN 	EQU 	7
P4SSYNC 	EQU 	7
P4STRA 	EQU 	0
P4STRB 	EQU 	1
P4SYNC0 	EQU 	0
P4SYNC1 	EQU 	1
P4SYNC2 	EQU 	2
P4TDCIE 	EQU 	5
P4TDCIF 	EQU 	1
P4TOVIE 	EQU 	7
P4TOVIF 	EQU 	3
P4TPHIE 	EQU 	6
P4TPHIF 	EQU 	2
P4TPRIE 	EQU 	4
P4TPRIF 	EQU 	0
PCH0 	EQU 	0
PCH1 	EQU 	1
PCH2 	EQU 	2
PCIE 	EQU 	6
PCL 	EQU 	2
PCLATH 	EQU 	10
PCLATH_SHAD 	EQU 	4071
PCON 	EQU 	150
PEIE 	EQU 	6
PEN 	EQU 	2
PIE1 	EQU 	145
PIE2 	EQU 	146
PIE3 	EQU 	147
PIE4 	EQU 	148
PIR1 	EQU 	17
PIR2 	EQU 	18
PIR3 	EQU 	19
PIR4 	EQU 	20
PLLR 	EQU 	6
PMSC3TIE 	EQU 	6
PORTA 	EQU 	12
PORTB 	EQU 	13
PORTC 	EQU 	14
PORTE 	EQU 	16
PR2 	EQU 	27
PRINTLEN 	EQU 	45
PS0 	EQU 	0
PS1 	EQU 	1
PS2 	EQU 	2
PSA 	EQU 	3
PSMC1ASDC 	EQU 	3741
PSMC1ASDL 	EQU 	3742
PSMC1ASDS 	EQU 	3743
PSMC1BLKF 	EQU 	3756
PSMC1BLKF0 	EQU 	0
PSMC1BLKF1 	EQU 	1
PSMC1BLKF2 	EQU 	2
PSMC1BLKF3 	EQU 	3
PSMC1BLKF4 	EQU 	4
PSMC1BLKF5 	EQU 	5
PSMC1BLKF6 	EQU 	6
PSMC1BLKF7 	EQU 	7
PSMC1BLKR 	EQU 	3755
PSMC1BLKR0 	EQU 	0
PSMC1BLKR1 	EQU 	1
PSMC1BLKR2 	EQU 	2
PSMC1BLKR3 	EQU 	3
PSMC1BLKR4 	EQU 	4
PSMC1BLKR5 	EQU 	5
PSMC1BLKR6 	EQU 	6
PSMC1BLKR7 	EQU 	7
PSMC1BLNK 	EQU 	3735
PSMC1CLK 	EQU 	3732
PSMC1CON 	EQU 	3729
PSMC1DBF 	EQU 	3754
PSMC1DBF0 	EQU 	0
PSMC1DBF1 	EQU 	1
PSMC1DBF2 	EQU 	2
PSMC1DBF3 	EQU 	3
PSMC1DBF4 	EQU 	4
PSMC1DBF5 	EQU 	5
PSMC1DBF6 	EQU 	6
PSMC1DBF7 	EQU 	7
PSMC1DBR 	EQU 	3753
PSMC1DBR0 	EQU 	0
PSMC1DBR1 	EQU 	1
PSMC1DBR2 	EQU 	2
PSMC1DBR3 	EQU 	3
PSMC1DBR4 	EQU 	4
PSMC1DBR5 	EQU 	5
PSMC1DBR6 	EQU 	6
PSMC1DBR7 	EQU 	7
PSMC1DC 	EQU 	3747
PSMC1DC0 	EQU 	0
PSMC1DC1 	EQU 	1
PSMC1DC10 	EQU 	2
PSMC1DC11 	EQU 	3
PSMC1DC12 	EQU 	4
PSMC1DC13 	EQU 	5
PSMC1DC14 	EQU 	6
PSMC1DC15 	EQU 	7
PSMC1DC2 	EQU 	2
PSMC1DC3 	EQU 	3
PSMC1DC4 	EQU 	4
PSMC1DC5 	EQU 	5
PSMC1DC6 	EQU 	6
PSMC1DC7 	EQU 	7
PSMC1DC8 	EQU 	0
PSMC1DC9 	EQU 	1
PSMC1DCH 	EQU 	3748
PSMC1DCL 	EQU 	3747
PSMC1DCS 	EQU 	3739
PSMC1EN 	EQU 	7
PSMC1FEBS 	EQU 	3737
PSMC1FFA 	EQU 	3757
PSMC1FFA0 	EQU 	0
PSMC1FFA1 	EQU 	1
PSMC1FFA2 	EQU 	2
PSMC1FFA3 	EQU 	3
PSMC1INT 	EQU 	3744
PSMC1LD 	EQU 	6
PSMC1MDL 	EQU 	3730
PSMC1OEN 	EQU 	3733
PSMC1PH 	EQU 	3745
PSMC1PH0 	EQU 	0
PSMC1PH1 	EQU 	1
PSMC1PH10 	EQU 	2
PSMC1PH11 	EQU 	3
PSMC1PH12 	EQU 	4
PSMC1PH13 	EQU 	5
PSMC1PH14 	EQU 	6
PSMC1PH15 	EQU 	7
PSMC1PH2 	EQU 	2
PSMC1PH3 	EQU 	3
PSMC1PH4 	EQU 	4
PSMC1PH5 	EQU 	5
PSMC1PH6 	EQU 	6
PSMC1PH7 	EQU 	7
PSMC1PH8 	EQU 	0
PSMC1PH9 	EQU 	1
PSMC1PHH 	EQU 	3746
PSMC1PHL 	EQU 	3745
PSMC1PHS 	EQU 	3738
PSMC1POL 	EQU 	3734
PSMC1PR 	EQU 	3749
PSMC1PR0 	EQU 	0
PSMC1PR1 	EQU 	1
PSMC1PR10 	EQU 	2
PSMC1PR11 	EQU 	3
PSMC1PR12 	EQU 	4
PSMC1PR13 	EQU 	5
PSMC1PR14 	EQU 	6
PSMC1PR15 	EQU 	7
PSMC1PR2 	EQU 	2
PSMC1PR3 	EQU 	3
PSMC1PR4 	EQU 	4
PSMC1PR5 	EQU 	5
PSMC1PR6 	EQU 	6
PSMC1PR7 	EQU 	7
PSMC1PR8 	EQU 	0
PSMC1PR9 	EQU 	1
PSMC1PRH 	EQU 	3750
PSMC1PRL 	EQU 	3749
PSMC1PRS 	EQU 	3740
PSMC1REBS 	EQU 	3736
PSMC1SIE 	EQU 	0
PSMC1SIF 	EQU 	0
PSMC1STR0 	EQU 	3758
PSMC1STR1 	EQU 	3759
PSMC1SYNC 	EQU 	3731
PSMC1TIE 	EQU 	4
PSMC1TIF 	EQU 	4
PSMC1TMR 	EQU 	3751
PSMC1TMR0 	EQU 	0
PSMC1TMR1 	EQU 	1
PSMC1TMR10 	EQU 	2
PSMC1TMR11 	EQU 	3
PSMC1TMR12 	EQU 	4
PSMC1TMR13 	EQU 	5
PSMC1TMR14 	EQU 	6
PSMC1TMR15 	EQU 	7
PSMC1TMR2 	EQU 	2
PSMC1TMR3 	EQU 	3
PSMC1TMR4 	EQU 	4
PSMC1TMR5 	EQU 	5
PSMC1TMR6 	EQU 	6
PSMC1TMR7 	EQU 	7
PSMC1TMR8 	EQU 	0
PSMC1TMR9 	EQU 	1
PSMC1TMRH 	EQU 	3752
PSMC1TMRL 	EQU 	3751
PSMC2ASDC 	EQU 	3773
PSMC2ASDL 	EQU 	3774
PSMC2ASDS 	EQU 	3775
PSMC2BLKF 	EQU 	3788
PSMC2BLKF0 	EQU 	0
PSMC2BLKF1 	EQU 	1
PSMC2BLKF2 	EQU 	2
PSMC2BLKF3 	EQU 	3
PSMC2BLKF4 	EQU 	4
PSMC2BLKF5 	EQU 	5
PSMC2BLKF6 	EQU 	6
PSMC2BLKF7 	EQU 	7
PSMC2BLKR 	EQU 	3787
PSMC2BLKR0 	EQU 	0
PSMC2BLKR1 	EQU 	1
PSMC2BLKR2 	EQU 	2
PSMC2BLKR3 	EQU 	3
PSMC2BLKR4 	EQU 	4
PSMC2BLKR5 	EQU 	5
PSMC2BLKR6 	EQU 	6
PSMC2BLKR7 	EQU 	7
PSMC2BLNK 	EQU 	3767
PSMC2CLK 	EQU 	3764
PSMC2CON 	EQU 	3761
PSMC2DBF 	EQU 	3786
PSMC2DBF0 	EQU 	0
PSMC2DBF1 	EQU 	1
PSMC2DBF2 	EQU 	2
PSMC2DBF3 	EQU 	3
PSMC2DBF4 	EQU 	4
PSMC2DBF5 	EQU 	5
PSMC2DBF6 	EQU 	6
PSMC2DBF7 	EQU 	7
PSMC2DBR 	EQU 	3785
PSMC2DBR0 	EQU 	0
PSMC2DBR1 	EQU 	1
PSMC2DBR2 	EQU 	2
PSMC2DBR3 	EQU 	3
PSMC2DBR4 	EQU 	4
PSMC2DBR5 	EQU 	5
PSMC2DBR6 	EQU 	6
PSMC2DBR7 	EQU 	7
PSMC2DC 	EQU 	3779
PSMC2DC0 	EQU 	0
PSMC2DC1 	EQU 	1
PSMC2DC10 	EQU 	2
PSMC2DC11 	EQU 	3
PSMC2DC12 	EQU 	4
PSMC2DC13 	EQU 	5
PSMC2DC14 	EQU 	6
PSMC2DC15 	EQU 	7
PSMC2DC2 	EQU 	2
PSMC2DC3 	EQU 	3
PSMC2DC4 	EQU 	4
PSMC2DC5 	EQU 	5
PSMC2DC6 	EQU 	6
PSMC2DC7 	EQU 	7
PSMC2DC8 	EQU 	0
PSMC2DC9 	EQU 	1
PSMC2DCH 	EQU 	3780
PSMC2DCL 	EQU 	3779
PSMC2DCS 	EQU 	3771
PSMC2EN 	EQU 	7
PSMC2FEBS 	EQU 	3769
PSMC2FFA 	EQU 	3789
PSMC2FFA0 	EQU 	0
PSMC2FFA1 	EQU 	1
PSMC2FFA2 	EQU 	2
PSMC2FFA3 	EQU 	3
PSMC2INT 	EQU 	3776
PSMC2LD 	EQU 	6
PSMC2MDL 	EQU 	3762
PSMC2OEN 	EQU 	3765
PSMC2PH 	EQU 	3777
PSMC2PH0 	EQU 	0
PSMC2PH1 	EQU 	1
PSMC2PH10 	EQU 	2
PSMC2PH11 	EQU 	3
PSMC2PH12 	EQU 	4
PSMC2PH13 	EQU 	5
PSMC2PH14 	EQU 	6
PSMC2PH15 	EQU 	7
PSMC2PH2 	EQU 	2
PSMC2PH3 	EQU 	3
PSMC2PH4 	EQU 	4
PSMC2PH5 	EQU 	5
PSMC2PH6 	EQU 	6
PSMC2PH7 	EQU 	7
PSMC2PH8 	EQU 	0
PSMC2PH9 	EQU 	1
PSMC2PHH 	EQU 	3778
PSMC2PHL 	EQU 	3777
PSMC2PHS 	EQU 	3770
PSMC2POL 	EQU 	3766
PSMC2PR 	EQU 	3781
PSMC2PR0 	EQU 	0
PSMC2PR1 	EQU 	1
PSMC2PR10 	EQU 	2
PSMC2PR11 	EQU 	3
PSMC2PR12 	EQU 	4
PSMC2PR13 	EQU 	5
PSMC2PR14 	EQU 	6
PSMC2PR15 	EQU 	7
PSMC2PR2 	EQU 	2
PSMC2PR3 	EQU 	3
PSMC2PR4 	EQU 	4
PSMC2PR5 	EQU 	5
PSMC2PR6 	EQU 	6
PSMC2PR7 	EQU 	7
PSMC2PR8 	EQU 	0
PSMC2PR9 	EQU 	1
PSMC2PRH 	EQU 	3782
PSMC2PRL 	EQU 	3781
PSMC2PRS 	EQU 	3772
PSMC2REBS 	EQU 	3768
PSMC2SIE 	EQU 	1
PSMC2SIF 	EQU 	1
PSMC2STR0 	EQU 	3790
PSMC2STR1 	EQU 	3791
PSMC2SYNC 	EQU 	3763
PSMC2TIE 	EQU 	5
PSMC2TIF 	EQU 	5
PSMC2TMR 	EQU 	3783
PSMC2TMR0 	EQU 	0
PSMC2TMR1 	EQU 	1
PSMC2TMR10 	EQU 	2
PSMC2TMR11 	EQU 	3
PSMC2TMR12 	EQU 	4
PSMC2TMR13 	EQU 	5
PSMC2TMR14 	EQU 	6
PSMC2TMR15 	EQU 	7
PSMC2TMR2 	EQU 	2
PSMC2TMR3 	EQU 	3
PSMC2TMR4 	EQU 	4
PSMC2TMR5 	EQU 	5
PSMC2TMR6 	EQU 	6
PSMC2TMR7 	EQU 	7
PSMC2TMR8 	EQU 	0
PSMC2TMR9 	EQU 	1
PSMC2TMRH 	EQU 	3784
PSMC2TMRL 	EQU 	3783
PSMC3ASDC 	EQU 	3805
PSMC3ASDL 	EQU 	3806
PSMC3ASDS 	EQU 	3807
PSMC3BLKF 	EQU 	3820
PSMC3BLKF0 	EQU 	0
PSMC3BLKF1 	EQU 	1
PSMC3BLKF2 	EQU 	2
PSMC3BLKF3 	EQU 	3
PSMC3BLKF4 	EQU 	4
PSMC3BLKF5 	EQU 	5
PSMC3BLKF6 	EQU 	6
PSMC3BLKF7 	EQU 	7
PSMC3BLKR 	EQU 	3819
PSMC3BLKR0 	EQU 	0
PSMC3BLKR1 	EQU 	1
PSMC3BLKR2 	EQU 	2
PSMC3BLKR3 	EQU 	3
PSMC3BLKR4 	EQU 	4
PSMC3BLKR5 	EQU 	5
PSMC3BLKR6 	EQU 	6
PSMC3BLKR7 	EQU 	7
PSMC3BLNK 	EQU 	3799
PSMC3CLK 	EQU 	3796
PSMC3CON 	EQU 	3793
PSMC3DBF 	EQU 	3818
PSMC3DBF0 	EQU 	0
PSMC3DBF1 	EQU 	1
PSMC3DBF2 	EQU 	2
PSMC3DBF3 	EQU 	3
PSMC3DBF4 	EQU 	4
PSMC3DBF5 	EQU 	5
PSMC3DBF6 	EQU 	6
PSMC3DBF7 	EQU 	7
PSMC3DBR 	EQU 	3817
PSMC3DBR0 	EQU 	0
PSMC3DBR1 	EQU 	1
PSMC3DBR2 	EQU 	2
PSMC3DBR3 	EQU 	3
PSMC3DBR4 	EQU 	4
PSMC3DBR5 	EQU 	5
PSMC3DBR6 	EQU 	6
PSMC3DBR7 	EQU 	7
PSMC3DC 	EQU 	3811
PSMC3DC0 	EQU 	0
PSMC3DC1 	EQU 	1
PSMC3DC10 	EQU 	2
PSMC3DC11 	EQU 	3
PSMC3DC12 	EQU 	4
PSMC3DC13 	EQU 	5
PSMC3DC14 	EQU 	6
PSMC3DC15 	EQU 	7
PSMC3DC2 	EQU 	2
PSMC3DC3 	EQU 	3
PSMC3DC4 	EQU 	4
PSMC3DC5 	EQU 	5
PSMC3DC6 	EQU 	6
PSMC3DC7 	EQU 	7
PSMC3DC8 	EQU 	0
PSMC3DC9 	EQU 	1
PSMC3DCH 	EQU 	3812
PSMC3DCL 	EQU 	3811
PSMC3DCS 	EQU 	3803
PSMC3EN 	EQU 	7
PSMC3FEBS 	EQU 	3801
PSMC3FFA 	EQU 	3821
PSMC3FFA0 	EQU 	0
PSMC3FFA1 	EQU 	1
PSMC3FFA2 	EQU 	2
PSMC3FFA3 	EQU 	3
PSMC3INT 	EQU 	3808
PSMC3LD 	EQU 	6
PSMC3MDL 	EQU 	3794
PSMC3OEN 	EQU 	3797
PSMC3PH 	EQU 	3809
PSMC3PH0 	EQU 	0
PSMC3PH1 	EQU 	1
PSMC3PH10 	EQU 	2
PSMC3PH11 	EQU 	3
PSMC3PH12 	EQU 	4
PSMC3PH13 	EQU 	5
PSMC3PH14 	EQU 	6
PSMC3PH15 	EQU 	7
PSMC3PH2 	EQU 	2
PSMC3PH3 	EQU 	3
PSMC3PH4 	EQU 	4
PSMC3PH5 	EQU 	5
PSMC3PH6 	EQU 	6
PSMC3PH7 	EQU 	7
PSMC3PH8 	EQU 	0
PSMC3PH9 	EQU 	1
PSMC3PHH 	EQU 	3810
PSMC3PHL 	EQU 	3809
PSMC3PHS 	EQU 	3802
PSMC3POL 	EQU 	3798
PSMC3PR 	EQU 	3813
PSMC3PR0 	EQU 	0
PSMC3PR1 	EQU 	1
PSMC3PR10 	EQU 	2
PSMC3PR11 	EQU 	3
PSMC3PR12 	EQU 	4
PSMC3PR13 	EQU 	5
PSMC3PR14 	EQU 	6
PSMC3PR15 	EQU 	7
PSMC3PR2 	EQU 	2
PSMC3PR3 	EQU 	3
PSMC3PR4 	EQU 	4
PSMC3PR5 	EQU 	5
PSMC3PR6 	EQU 	6
PSMC3PR7 	EQU 	7
PSMC3PR8 	EQU 	0
PSMC3PR9 	EQU 	1
PSMC3PRH 	EQU 	3814
PSMC3PRL 	EQU 	3813
PSMC3PRS 	EQU 	3804
PSMC3REBS 	EQU 	3800
PSMC3SIE 	EQU 	2
PSMC3SIF 	EQU 	2
PSMC3STR0 	EQU 	3822
PSMC3STR1 	EQU 	3823
PSMC3SYNC 	EQU 	3795
PSMC3TIE 	EQU 	6
PSMC3TIF 	EQU 	6
PSMC3TMR 	EQU 	3815
PSMC3TMR0 	EQU 	0
PSMC3TMR1 	EQU 	1
PSMC3TMR10 	EQU 	2
PSMC3TMR11 	EQU 	3
PSMC3TMR12 	EQU 	4
PSMC3TMR13 	EQU 	5
PSMC3TMR14 	EQU 	6
PSMC3TMR15 	EQU 	7
PSMC3TMR2 	EQU 	2
PSMC3TMR3 	EQU 	3
PSMC3TMR4 	EQU 	4
PSMC3TMR5 	EQU 	5
PSMC3TMR6 	EQU 	6
PSMC3TMR7 	EQU 	7
PSMC3TMR8 	EQU 	0
PSMC3TMR9 	EQU 	1
PSMC3TMRH 	EQU 	3816
PSMC3TMRL 	EQU 	3815
PSMC4ASDC 	EQU 	3869
PSMC4ASDL 	EQU 	3870
PSMC4ASDS 	EQU 	3871
PSMC4BLKF 	EQU 	3884
PSMC4BLKF0 	EQU 	0
PSMC4BLKF1 	EQU 	1
PSMC4BLKF2 	EQU 	2
PSMC4BLKF3 	EQU 	3
PSMC4BLKF4 	EQU 	4
PSMC4BLKF5 	EQU 	5
PSMC4BLKF6 	EQU 	6
PSMC4BLKF7 	EQU 	7
PSMC4BLKR 	EQU 	3883
PSMC4BLKR0 	EQU 	0
PSMC4BLKR1 	EQU 	1
PSMC4BLKR2 	EQU 	2
PSMC4BLKR3 	EQU 	3
PSMC4BLKR4 	EQU 	4
PSMC4BLKR5 	EQU 	5
PSMC4BLKR6 	EQU 	6
PSMC4BLKR7 	EQU 	7
PSMC4BLNK 	EQU 	3863
PSMC4CLK 	EQU 	3860
PSMC4CON 	EQU 	3857
PSMC4DBF 	EQU 	3882
PSMC4DBF0 	EQU 	0
PSMC4DBF1 	EQU 	1
PSMC4DBF2 	EQU 	2
PSMC4DBF3 	EQU 	3
PSMC4DBF4 	EQU 	4
PSMC4DBF5 	EQU 	5
PSMC4DBF6 	EQU 	6
PSMC4DBF7 	EQU 	7
PSMC4DBR 	EQU 	3881
PSMC4DBR0 	EQU 	0
PSMC4DBR1 	EQU 	1
PSMC4DBR2 	EQU 	2
PSMC4DBR3 	EQU 	3
PSMC4DBR4 	EQU 	4
PSMC4DBR5 	EQU 	5
PSMC4DBR6 	EQU 	6
PSMC4DBR7 	EQU 	7
PSMC4DC 	EQU 	3875
PSMC4DC0 	EQU 	0
PSMC4DC1 	EQU 	1
PSMC4DC10 	EQU 	2
PSMC4DC11 	EQU 	3
PSMC4DC12 	EQU 	4
PSMC4DC13 	EQU 	5
PSMC4DC14 	EQU 	6
PSMC4DC15 	EQU 	7
PSMC4DC2 	EQU 	2
PSMC4DC3 	EQU 	3
PSMC4DC4 	EQU 	4
PSMC4DC5 	EQU 	5
PSMC4DC6 	EQU 	6
PSMC4DC7 	EQU 	7
PSMC4DC8 	EQU 	0
PSMC4DC9 	EQU 	1
PSMC4DCH 	EQU 	3876
PSMC4DCL 	EQU 	3875
PSMC4DCS 	EQU 	3867
PSMC4EN 	EQU 	7
PSMC4FEBS 	EQU 	3865
PSMC4FFA 	EQU 	3885
PSMC4FFA0 	EQU 	0
PSMC4FFA1 	EQU 	1
PSMC4FFA2 	EQU 	2
PSMC4FFA3 	EQU 	3
PSMC4INT 	EQU 	3872
PSMC4LD 	EQU 	6
PSMC4MDL 	EQU 	3858
PSMC4OEN 	EQU 	3861
PSMC4PH 	EQU 	3873
PSMC4PH0 	EQU 	0
PSMC4PH1 	EQU 	1
PSMC4PH10 	EQU 	2
PSMC4PH11 	EQU 	3
PSMC4PH12 	EQU 	4
PSMC4PH13 	EQU 	5
PSMC4PH14 	EQU 	6
PSMC4PH15 	EQU 	7
PSMC4PH2 	EQU 	2
PSMC4PH3 	EQU 	3
PSMC4PH4 	EQU 	4
PSMC4PH5 	EQU 	5
PSMC4PH6 	EQU 	6
PSMC4PH7 	EQU 	7
PSMC4PH8 	EQU 	0
PSMC4PH9 	EQU 	1
PSMC4PHH 	EQU 	3874
PSMC4PHL 	EQU 	3873
PSMC4PHS 	EQU 	3866
PSMC4POL 	EQU 	3862
PSMC4PR 	EQU 	3877
PSMC4PR0 	EQU 	0
PSMC4PR1 	EQU 	1
PSMC4PR10 	EQU 	2
PSMC4PR11 	EQU 	3
PSMC4PR12 	EQU 	4
PSMC4PR13 	EQU 	5
PSMC4PR14 	EQU 	6
PSMC4PR15 	EQU 	7
PSMC4PR2 	EQU 	2
PSMC4PR3 	EQU 	3
PSMC4PR4 	EQU 	4
PSMC4PR5 	EQU 	5
PSMC4PR6 	EQU 	6
PSMC4PR7 	EQU 	7
PSMC4PR8 	EQU 	0
PSMC4PR9 	EQU 	1
PSMC4PRH 	EQU 	3878
PSMC4PRL 	EQU 	3877
PSMC4PRS 	EQU 	3868
PSMC4REBS 	EQU 	3864
PSMC4SIE 	EQU 	3
PSMC4SIF 	EQU 	3
PSMC4STR0 	EQU 	3886
PSMC4STR1 	EQU 	3887
PSMC4SYNC 	EQU 	3859
PSMC4TIE 	EQU 	7
PSMC4TIF 	EQU 	7
PSMC4TMR 	EQU 	3879
PSMC4TMR0 	EQU 	0
PSMC4TMR1 	EQU 	1
PSMC4TMR10 	EQU 	2
PSMC4TMR11 	EQU 	3
PSMC4TMR12 	EQU 	4
PSMC4TMR13 	EQU 	5
PSMC4TMR14 	EQU 	6
PSMC4TMR15 	EQU 	7
PSMC4TMR2 	EQU 	2
PSMC4TMR3 	EQU 	3
PSMC4TMR4 	EQU 	4
PSMC4TMR5 	EQU 	5
PSMC4TMR6 	EQU 	6
PSMC4TMR7 	EQU 	7
PSMC4TMR8 	EQU 	0
PSMC4TMR9 	EQU 	1
PSMC4TMRH 	EQU 	3880
PSMC4TMRL 	EQU 	3879
RA0 	EQU 	0
RA1 	EQU 	1
RA2 	EQU 	2
RA3 	EQU 	3
RA4 	EQU 	4
RA5 	EQU 	5
RA6 	EQU 	6
RA7 	EQU 	7
RB0 	EQU 	0
RB1 	EQU 	1
RB2 	EQU 	2
RB3 	EQU 	3
RB4 	EQU 	4
RB5 	EQU 	5
RB6 	EQU 	6
RB7 	EQU 	7
RC0 	EQU 	0
RC1 	EQU 	1
RC1REG 	EQU 	409
RC1STA 	EQU 	413
RC2 	EQU 	2
RC3 	EQU 	3
RC4 	EQU 	4
RC5 	EQU 	5
RC6 	EQU 	6
RC7 	EQU 	7
RCEN 	EQU 	3
RCIDL 	EQU 	6
RCIE 	EQU 	5
RCIF 	EQU 	5
RCREG 	EQU 	409
RCREG1 	EQU 	409
RCSTA 	EQU 	413
RCSTA1 	EQU 	413
RCSTA1_ADDEN 	EQU 	3
RCSTA1_CREN 	EQU 	4
RCSTA1_FERR 	EQU 	2
RCSTA1_OERR 	EQU 	1
RCSTA1_RX9 	EQU 	6
RCSTA1_RX9D 	EQU 	0
RCSTA1_SPEN 	EQU 	7
RCSTA1_SREN 	EQU 	5
RCSTA_ADDEN 	EQU 	3
RCSTA_CREN 	EQU 	4
RCSTA_FERR 	EQU 	2
RCSTA_OERR 	EQU 	1
RCSTA_RX9 	EQU 	6
RCSTA_RX9D 	EQU 	0
RCSTA_SPEN 	EQU 	7
RCSTA_SREN 	EQU 	5
RD 	EQU 	0
RE3 	EQU 	3
READAD12 	EQU 	46
READAD12_H 	EQU 	47
RSEN 	EQU 	1
RX9 	EQU 	6
RX9D 	EQU 	0
RXSEL 	EQU 	1
R_NOT_W 	EQU 	2
S 	EQU 	3
SBCDE 	EQU 	2
SBOREN 	EQU 	7
SCIE 	EQU 	5
SCKP 	EQU 	4
SCKSEL 	EQU 	4
SCLT32TRUE 	EQU 	1140
SCS0 	EQU 	0
SCS1 	EQU 	1
SDAHT 	EQU 	3
SDISEL 	EQU 	3
SDOSEL 	EQU 	5
SEN 	EQU 	0
SENDB 	EQU 	3
SERBIT 	EQU 	48
SERBITDELAY 	EQU 	698
SERCFGLOAD 	EQU 	808
SERDELAYLOOP 	EQU 	49
SERPRINT36 	EQU 	826
SERPRINT39 	EQU 	855
SERPRINTSTREND 	EQU 	854
SERPRINTVAL 	EQU 	50
SERPRINTVAL_E 	EQU 	53
SERPRINTVAL_H 	EQU 	51
SERPRINTVAL_U 	EQU 	52
SERSEND 	EQU 	927
SERTEMP 	EQU 	54
SER_BYTE 	EQU 	55
SER_DATA 	EQU 	56
SER_DATA_A 	EQU 	57
SER_INVERT 	EQU 	58
SER_INVERT_A 	EQU 	59
SER_PARITY 	EQU 	60
SER_PARITY_A 	EQU 	61
SER_RATE 	EQU 	62
SER_RATE_A 	EQU 	63
SER_SELECT 	EQU 	64
SER_SELECT_OLD 	EQU 	65
SER_START 	EQU 	66
SER_START_A 	EQU 	67
SER_STOP 	EQU 	68
SER_STOP_A 	EQU 	69
SLRCONA 	EQU 	780
SLRCONA0 	EQU 	0
SLRCONA1 	EQU 	1
SLRCONA2 	EQU 	2
SLRCONA3 	EQU 	3
SLRCONA4 	EQU 	4
SLRCONA5 	EQU 	5
SLRCONA6 	EQU 	6
SLRCONA7 	EQU 	7
SLRCONB 	EQU 	781
SLRCONB0 	EQU 	0
SLRCONB1 	EQU 	1
SLRCONB2 	EQU 	2
SLRCONB3 	EQU 	3
SLRCONB4 	EQU 	4
SLRCONB5 	EQU 	5
SLRCONB6 	EQU 	6
SLRCONB7 	EQU 	7
SLRCONC 	EQU 	782
SLRCONC0 	EQU 	0
SLRCONC1 	EQU 	1
SLRCONC2 	EQU 	2
SLRCONC3 	EQU 	3
SLRCONC4 	EQU 	4
SLRCONC5 	EQU 	5
SLRCONC6 	EQU 	6
SLRCONC7 	EQU 	7
SMP 	EQU 	7
SP 	EQU 	6
SP1BRG 	EQU 	411
SP1BRGH 	EQU 	412
SP1BRGL 	EQU 	411
SPBRG 	EQU 	411
SPBRG1 	EQU 	411
SPBRGH 	EQU 	412
SPBRGH1 	EQU 	412
SPBRGL 	EQU 	411
SPEN 	EQU 	7
SPLLEN 	EQU 	7
SREN 	EQU 	5
SSP1ADD 	EQU 	530
SSP1ADD0 	EQU 	0
SSP1ADD1 	EQU 	1
SSP1ADD2 	EQU 	2
SSP1ADD3 	EQU 	3
SSP1ADD4 	EQU 	4
SSP1ADD5 	EQU 	5
SSP1ADD6 	EQU 	6
SSP1ADD7 	EQU 	7
SSP1BUF 	EQU 	529
SSP1BUF0 	EQU 	0
SSP1BUF1 	EQU 	1
SSP1BUF2 	EQU 	2
SSP1BUF3 	EQU 	3
SSP1BUF4 	EQU 	4
SSP1BUF5 	EQU 	5
SSP1BUF6 	EQU 	6
SSP1BUF7 	EQU 	7
SSP1CON 	EQU 	533
SSP1CON1 	EQU 	533
SSP1CON2 	EQU 	534
SSP1CON3 	EQU 	535
SSP1CON_CKP 	EQU 	4
SSP1CON_SSPEN 	EQU 	5
SSP1CON_SSPM0 	EQU 	0
SSP1CON_SSPM1 	EQU 	1
SSP1CON_SSPM2 	EQU 	2
SSP1CON_SSPM3 	EQU 	3
SSP1CON_SSPOV 	EQU 	6
SSP1CON_WCOL 	EQU 	7
SSP1IE 	EQU 	3
SSP1IF 	EQU 	3
SSP1MSK 	EQU 	531
SSP1MSK0 	EQU 	0
SSP1MSK1 	EQU 	1
SSP1MSK2 	EQU 	2
SSP1MSK3 	EQU 	3
SSP1MSK4 	EQU 	4
SSP1MSK5 	EQU 	5
SSP1MSK6 	EQU 	6
SSP1MSK7 	EQU 	7
SSP1STAT 	EQU 	532
SSPADD 	EQU 	530
SSPADD_ADD0 	EQU 	0
SSPADD_ADD1 	EQU 	1
SSPADD_ADD2 	EQU 	2
SSPADD_ADD3 	EQU 	3
SSPADD_ADD4 	EQU 	4
SSPADD_ADD5 	EQU 	5
SSPADD_ADD6 	EQU 	6
SSPADD_ADD7 	EQU 	7
SSPADD_SSP1ADD0 	EQU 	0
SSPADD_SSP1ADD1 	EQU 	1
SSPADD_SSP1ADD2 	EQU 	2
SSPADD_SSP1ADD3 	EQU 	3
SSPADD_SSP1ADD4 	EQU 	4
SSPADD_SSP1ADD5 	EQU 	5
SSPADD_SSP1ADD6 	EQU 	6
SSPADD_SSP1ADD7 	EQU 	7
SSPBUF 	EQU 	529
SSPBUF_BUF0 	EQU 	0
SSPBUF_BUF1 	EQU 	1
SSPBUF_BUF2 	EQU 	2
SSPBUF_BUF3 	EQU 	3
SSPBUF_BUF4 	EQU 	4
SSPBUF_BUF5 	EQU 	5
SSPBUF_BUF6 	EQU 	6
SSPBUF_BUF7 	EQU 	7
SSPBUF_SSP1BUF0 	EQU 	0
SSPBUF_SSP1BUF1 	EQU 	1
SSPBUF_SSP1BUF2 	EQU 	2
SSPBUF_SSP1BUF3 	EQU 	3
SSPBUF_SSP1BUF4 	EQU 	4
SSPBUF_SSP1BUF5 	EQU 	5
SSPBUF_SSP1BUF6 	EQU 	6
SSPBUF_SSP1BUF7 	EQU 	7
SSPCON 	EQU 	533
SSPCON1 	EQU 	533
SSPCON1_CKP 	EQU 	4
SSPCON1_SSPEN 	EQU 	5
SSPCON1_SSPM0 	EQU 	0
SSPCON1_SSPM1 	EQU 	1
SSPCON1_SSPM2 	EQU 	2
SSPCON1_SSPM3 	EQU 	3
SSPCON1_SSPOV 	EQU 	6
SSPCON1_WCOL 	EQU 	7
SSPCON2 	EQU 	534
SSPCON2_ACKDT 	EQU 	5
SSPCON2_ACKEN 	EQU 	4
SSPCON2_ACKSTAT 	EQU 	6
SSPCON2_GCEN 	EQU 	7
SSPCON2_PEN 	EQU 	2
SSPCON2_RCEN 	EQU 	3
SSPCON2_RSEN 	EQU 	1
SSPCON2_SEN 	EQU 	0
SSPCON3 	EQU 	535
SSPCON3_ACKTIM 	EQU 	7
SSPCON3_AHEN 	EQU 	1
SSPCON3_BOEN 	EQU 	4
SSPCON3_DHEN 	EQU 	0
SSPCON3_PCIE 	EQU 	6
SSPCON3_SBCDE 	EQU 	2
SSPCON3_SCIE 	EQU 	5
SSPCON3_SDAHT 	EQU 	3
SSPCON_CKP 	EQU 	4
SSPCON_SSPEN 	EQU 	5
SSPCON_SSPM0 	EQU 	0
SSPCON_SSPM1 	EQU 	1
SSPCON_SSPM2 	EQU 	2
SSPCON_SSPM3 	EQU 	3
SSPCON_SSPOV 	EQU 	6
SSPCON_WCOL 	EQU 	7
SSPEN 	EQU 	5
SSPM0 	EQU 	0
SSPM1 	EQU 	1
SSPM2 	EQU 	2
SSPM3 	EQU 	3
SSPMSK 	EQU 	531
SSPMSK_MSK0 	EQU 	0
SSPMSK_MSK1 	EQU 	1
SSPMSK_MSK2 	EQU 	2
SSPMSK_MSK3 	EQU 	3
SSPMSK_MSK4 	EQU 	4
SSPMSK_MSK5 	EQU 	5
SSPMSK_MSK6 	EQU 	6
SSPMSK_MSK7 	EQU 	7
SSPMSK_SSP1MSK0 	EQU 	0
SSPMSK_SSP1MSK1 	EQU 	1
SSPMSK_SSP1MSK2 	EQU 	2
SSPMSK_SSP1MSK3 	EQU 	3
SSPMSK_SSP1MSK4 	EQU 	4
SSPMSK_SSP1MSK5 	EQU 	5
SSPMSK_SSP1MSK6 	EQU 	6
SSPMSK_SSP1MSK7 	EQU 	7
SSPOV 	EQU 	6
SSPSTAT 	EQU 	532
SSPSTAT_BF 	EQU 	0
SSPSTAT_CKE 	EQU 	6
SSPSTAT_D_NOT_A 	EQU 	5
SSPSTAT_P 	EQU 	4
SSPSTAT_R_NOT_W 	EQU 	2
SSPSTAT_S 	EQU 	3
SSPSTAT_SMP 	EQU 	7
SSPSTAT_UA 	EQU 	1
STATUS 	EQU 	3
STATUS_SHAD 	EQU 	4068
STKOVF 	EQU 	7
STKPTR 	EQU 	4077
STKUNF 	EQU 	6
STRINGPOINTER 	EQU 	70
STRINGTABLE1 	EQU 	1319
STRINGTABLE2 	EQU 	1325
STRINGTABLE3 	EQU 	1331
STRINGTABLE4 	EQU 	1336
STRINGTABLE5 	EQU 	1342
STRINGTABLE6 	EQU 	1348
SWDTEN 	EQU 	0
SYNC 	EQU 	4
SYSBYTETEMPX 	EQU 	112
SYSCALCTEMPA 	EQU 	117
SYSCALCTEMPA_E 	EQU 	120
SYSCALCTEMPA_H 	EQU 	118
SYSCALCTEMPA_U 	EQU 	119
SYSCOMPEQUAL32 	EQU 	1098
SYSCOMPLESSTHAN32 	EQU 	1117
SYSDIV32START 	EQU 	1184
SYSDIVLOOP 	EQU 	116
SYSDIVSUB32 	EQU 	1142
SYSDOLOOP_E1 	EQU 	445
SYSDOLOOP_E2 	EQU 	904
SYSDOLOOP_S1 	EQU 	27
SYSDOLOOP_S2 	EQU 	856
SYSFORLOOP1 	EQU 	939
SYSFORLOOP2 	EQU 	976
SYSFORLOOP3 	EQU 	1072
SYSFORLOOP4 	EQU 	840
SYSFORLOOP5 	EQU 	910
SYSFORLOOP6 	EQU 	798
SYSFORLOOPEND1 	EQU 	969
SYSFORLOOPEND2 	EQU 	1040
SYSFORLOOPEND3 	EQU 	1097
SYSFORLOOPEND4 	EQU 	854
SYSFORLOOPEND5 	EQU 	926
SYSFORLOOPEND6 	EQU 	807
SYSLONGDIVMULTA 	EQU 	71
SYSLONGDIVMULTA_E 	EQU 	74
SYSLONGDIVMULTA_H 	EQU 	72
SYSLONGDIVMULTA_U 	EQU 	73
SYSLONGDIVMULTB 	EQU 	75
SYSLONGDIVMULTB_E 	EQU 	78
SYSLONGDIVMULTB_H 	EQU 	76
SYSLONGDIVMULTB_U 	EQU 	77
SYSLONGDIVMULTX 	EQU 	79
SYSLONGDIVMULTX_E 	EQU 	82
SYSLONGDIVMULTX_H 	EQU 	80
SYSLONGDIVMULTX_U 	EQU 	81
SYSLONGTEMPA 	EQU 	117
SYSLONGTEMPA_E 	EQU 	120
SYSLONGTEMPA_H 	EQU 	118
SYSLONGTEMPA_U 	EQU 	119
SYSLONGTEMPB 	EQU 	121
SYSLONGTEMPB_E 	EQU 	124
SYSLONGTEMPB_H 	EQU 	122
SYSLONGTEMPB_U 	EQU 	123
SYSLONGTEMPX 	EQU 	112
SYSLONGTEMPX_E 	EQU 	115
SYSLONGTEMPX_H 	EQU 	113
SYSLONGTEMPX_U 	EQU 	114
SYSMULTSUB32 	EQU 	1232
SYSPRINTBUFFER 	EQU 	10213
SYSPRINTBUFFLEN 	EQU 	83
SYSPRINTDATAHANDLER 	EQU 	84
SYSPRINTDATAHANDLER_H 	EQU 	85
SYSPRINTTEMP 	EQU 	86
SYSREADAD12WORD 	EQU 	46
SYSREADAD12WORD_H 	EQU 	47
SYSREADSTRING 	EQU 	1296
SYSREADSTRINGPART 	EQU 	1300
SYSSELECT1CASE1 	EQU 	518
SYSSELECT1CASE10 	EQU 	580
SYSSELECT1CASE11 	EQU 	587
SYSSELECT1CASE12 	EQU 	594
SYSSELECT1CASE13 	EQU 	601
SYSSELECT1CASE14 	EQU 	608
SYSSELECT1CASE15 	EQU 	615
SYSSELECT1CASE16 	EQU 	622
SYSSELECT1CASE17 	EQU 	629
SYSSELECT1CASE2 	EQU 	525
SYSSELECT1CASE3 	EQU 	531
SYSSELECT1CASE4 	EQU 	538
SYSSELECT1CASE5 	EQU 	545
SYSSELECT1CASE6 	EQU 	552
SYSSELECT1CASE7 	EQU 	559
SYSSELECT1CASE8 	EQU 	566
SYSSELECT1CASE9 	EQU 	573
SYSSELECTEND1 	EQU 	635
SYSSTRINGA 	EQU 	119
SYSSTRINGA_H 	EQU 	120
SYSSTRINGLENGTH 	EQU 	118
SYSSTRINGPARAM1 	EQU 	10207
SYSSTRINGREAD 	EQU 	1306
SYSSTRINGREADCHECK 	EQU 	1303
SYSSTRINGTABLES 	EQU 	1312
SYSTEMP1 	EQU 	87
SYSTEMP1_E 	EQU 	90
SYSTEMP1_H 	EQU 	88
SYSTEMP1_U 	EQU 	89
SYSWAITLOOP1 	EQU 	678
SYSWAITTEMP10US 	EQU 	117
SYSWAITTEMPMS 	EQU 	114
SYSWAITTEMPMS_H 	EQU 	115
SYSWAITTEMPUS 	EQU 	117
SYSWAITTEMPUS_H 	EQU 	118
T0CS 	EQU 	5
T0IE 	EQU 	5
T0IF 	EQU 	2
T0SE 	EQU 	4
T1CKPS0 	EQU 	4
T1CKPS1 	EQU 	5
T1CON 	EQU 	24
T1GCON 	EQU 	25
T1GGO 	EQU 	3
T1GPOL 	EQU 	6
T1GSPM 	EQU 	4
T1GSS0 	EQU 	0
T1GSS1 	EQU 	1
T1GTM 	EQU 	5
T1GVAL 	EQU 	2
T1OSCEN 	EQU 	3
T1OSCR 	EQU 	7
T2CKPS0 	EQU 	0
T2CKPS1 	EQU 	1
T2CON 	EQU 	28
T2OUTPS0 	EQU 	3
T2OUTPS1 	EQU 	4
T2OUTPS2 	EQU 	5
T2OUTPS3 	EQU 	6
TEMPPARITY 	EQU 	91
TIME 	EQU 	92
TIME_E 	EQU 	95
TIME_H 	EQU 	93
TIME_U 	EQU 	94
TMR0 	EQU 	21
TMR0CS 	EQU 	5
TMR0IE 	EQU 	5
TMR0IF 	EQU 	2
TMR0SE 	EQU 	4
TMR1 	EQU 	22
TMR1CS0 	EQU 	6
TMR1CS1 	EQU 	7
TMR1GE 	EQU 	7
TMR1GIE 	EQU 	7
TMR1GIF 	EQU 	7
TMR1H 	EQU 	23
TMR1IE 	EQU 	0
TMR1IF 	EQU 	0
TMR1L 	EQU 	22
TMR1ON 	EQU 	0
TMR2 	EQU 	26
TMR2IE 	EQU 	1
TMR2IF 	EQU 	1
TMR2ON 	EQU 	2
TOFF 	EQU 	96
TOFF_E 	EQU 	99
TOFF_H 	EQU 	97
TOFF_U 	EQU 	98
TON 	EQU 	100
TON_E 	EQU 	103
TON_H 	EQU 	101
TON_U 	EQU 	102
TOSH 	EQU 	4079
TOSL 	EQU 	4078
TRIGSEL0 	EQU 	4
TRIGSEL1 	EQU 	5
TRIGSEL2 	EQU 	6
TRIGSEL3 	EQU 	7
TRISA 	EQU 	140
TRISA0 	EQU 	0
TRISA1 	EQU 	1
TRISA2 	EQU 	2
TRISA3 	EQU 	3
TRISA4 	EQU 	4
TRISA5 	EQU 	5
TRISA6 	EQU 	6
TRISA7 	EQU 	7
TRISB 	EQU 	141
TRISB0 	EQU 	0
TRISB1 	EQU 	1
TRISB2 	EQU 	2
TRISB3 	EQU 	3
TRISB4 	EQU 	4
TRISB5 	EQU 	5
TRISB6 	EQU 	6
TRISB7 	EQU 	7
TRISC 	EQU 	142
TRISC0 	EQU 	0
TRISC1 	EQU 	1
TRISC2 	EQU 	2
TRISC3 	EQU 	3
TRISC4 	EQU 	4
TRISC5 	EQU 	5
TRISC6 	EQU 	6
TRISC7 	EQU 	7
TRISE 	EQU 	144
TRISE3 	EQU 	3
TRMT 	EQU 	1
TSEN 	EQU 	5
TSRNG 	EQU 	4
TUN0 	EQU 	0
TUN1 	EQU 	1
TUN2 	EQU 	2
TUN3 	EQU 	3
TUN4 	EQU 	4
TUN5 	EQU 	5
TX1REG 	EQU 	410
TX1STA 	EQU 	414
TX9 	EQU 	6
TX9D 	EQU 	0
TXEN 	EQU 	5
TXIE 	EQU 	4
TXIF 	EQU 	4
TXREG 	EQU 	410
TXREG1 	EQU 	410
TXSEL 	EQU 	2
TXSTA 	EQU 	414
TXSTA1 	EQU 	414
TXSTA1_BRGH 	EQU 	2
TXSTA1_CSRC 	EQU 	7
TXSTA1_SENDB 	EQU 	3
TXSTA1_SYNC 	EQU 	4
TXSTA1_TRMT 	EQU 	1
TXSTA1_TX9 	EQU 	6
TXSTA1_TX9D 	EQU 	0
TXSTA1_TXEN 	EQU 	5
TXSTA_BRGH 	EQU 	2
TXSTA_CSRC 	EQU 	7
TXSTA_SENDB 	EQU 	3
TXSTA_SYNC 	EQU 	4
TXSTA_TRMT 	EQU 	1
TXSTA_TX9 	EQU 	6
TXSTA_TX9D 	EQU 	0
TXSTA_TXEN 	EQU 	5
UA 	EQU 	1
VREGCON 	EQU 	407
VREGPM 	EQU 	1
W 	EQU 	0
WCOL 	EQU 	7
WDTCON 	EQU 	151
WDTPS0 	EQU 	1
WDTPS1 	EQU 	2
WDTPS2 	EQU 	3
WDTPS3 	EQU 	4
WDTPS4 	EQU 	5
WPUA 	EQU 	524
WPUA0 	EQU 	0
WPUA1 	EQU 	1
WPUA2 	EQU 	2
WPUA3 	EQU 	3
WPUA4 	EQU 	4
WPUA5 	EQU 	5
WPUA6 	EQU 	6
WPUA7 	EQU 	7
WPUB 	EQU 	525
WPUB0 	EQU 	0
WPUB1 	EQU 	1
WPUB2 	EQU 	2
WPUB3 	EQU 	3
WPUB4 	EQU 	4
WPUB5 	EQU 	5
WPUB6 	EQU 	6
WPUB7 	EQU 	7
WPUC 	EQU 	526
WPUC0 	EQU 	0
WPUC1 	EQU 	1
WPUC2 	EQU 	2
WPUC3 	EQU 	3
WPUC4 	EQU 	4
WPUC5 	EQU 	5
WPUC6 	EQU 	6
WPUC7 	EQU 	7
WPUE 	EQU 	528
WPUE3 	EQU 	3
WR 	EQU 	1
WREG 	EQU 	9
WREG_SHAD 	EQU 	4069
WREN 	EQU 	2
WRERR 	EQU 	3
WUE 	EQU 	1
Z 	EQU 	2
Z_SHAD 	EQU 	2
_BOREN_SBODEN 	EQU 	15359

Code:
Loc	Obj Code	Original Assembly











































































































000000	3180	PAGESEL BASPROGRAMSTART
000001	2805	GOTO BASPROGRAMSTART

000004	0009	RETFIE



		BASPROGRAMSTART
000005	21EA	CALL INITSYS

000006	3001	MOVLW 1
000007	00C0	MOVWF SER_SELECT
000008	3002	MOVLW 2
000009	00BE	MOVWF SER_RATE
00000A	3081	MOVLW 129
00000B	00C2	MOVWF SER_START
00000C	3008	MOVLW 8
00000D	00B8	MOVWF SER_DATA
00000E	3001	MOVLW 1
00000F	00C4	MOVWF SER_STOP
000010	01BC	CLRF SER_PARITY
000011	01BA	CLRF SER_INVERT
000012	21D5	CALL INITSER
000000	0021	BANKSEL TRISB
000014	138D	BCF TRISB,7
000015	170D	BSF TRISB,6
000016	108C	BCF TRISA,1
000017	168D	BSF TRISB,5
000018	160D	BSF TRISB,4
000019	170E	BSF TRISC,6
00001A	168E	BSF TRISC,5
		SYSDOLOOP_S1
00001B	300D	MOVLW 13
000000	0020	BANKSEL ADREADPORT
00001D	00A0	MOVWF ADREADPORT
00001E	21FF	CALL FN_READAD126
00001F	082E	MOVF SYSREADAD12WORD,W
000020	00A5	MOVWF AN13_READ
000021	082F	MOVF SYSREADAD12WORD_H,W
000022	00A6	MOVWF AN13_READ_H
000023	01A7	CLRF AN13_READ_U
000024	01A8	CLRF AN13_READ_E
000025	300B	MOVLW 11
000026	00A0	MOVWF ADREADPORT
000027	21FF	CALL FN_READAD126
000028	082E	MOVF SYSREADAD12WORD,W
000029	00A1	MOVWF AN11_READ
00002A	082F	MOVF SYSREADAD12WORD_H,W
00002B	00A2	MOVWF AN11_READ_H
00002C	01A3	CLRF AN11_READ_U
00002D	01A4	CLRF AN11_READ_E
00002E	0825	MOVF AN13_READ,W
00002F	00F5	MOVWF SYSLONGTEMPA
000030	0826	MOVF AN13_READ_H,W
000031	00F6	MOVWF SYSLONGTEMPA_H
000032	0827	MOVF AN13_READ_U,W
000033	00F7	MOVWF SYSLONGTEMPA_U
000034	0828	MOVF AN13_READ_E,W
000035	00F8	MOVWF SYSLONGTEMPA_E
000036	3050	MOVLW 80
000037	00F9	MOVWF SYSLONGTEMPB
000038	305F	MOVLW 95
000039	00FA	MOVWF SYSLONGTEMPB_H
00003A	01FB	CLRF SYSLONGTEMPB_U
00003B	01FC	CLRF SYSLONGTEMPB_E
00003C	24D0	CALL SYSMULTSUB32
00003D	0870	MOVF SYSLONGTEMPX,W
00003E	00D7	MOVWF SYSTEMP1
00003F	0871	MOVF SYSLONGTEMPX_H,W
000040	00D8	MOVWF SYSTEMP1_H
000041	0872	MOVF SYSLONGTEMPX_U,W
000042	00D9	MOVWF SYSTEMP1_U
000043	0873	MOVF SYSLONGTEMPX_E,W
000044	00DA	MOVWF SYSTEMP1_E
000045	0857	MOVF SYSTEMP1,W
000046	00F5	MOVWF SYSLONGTEMPA
000047	0858	MOVF SYSTEMP1_H,W
000048	00F6	MOVWF SYSLONGTEMPA_H
000049	0859	MOVF SYSTEMP1_U,W
00004A	00F7	MOVWF SYSLONGTEMPA_U
00004B	085A	MOVF SYSTEMP1_E,W
00004C	00F8	MOVWF SYSLONGTEMPA_E
00004D	3040	MOVLW 64
00004E	00F9	MOVWF SYSLONGTEMPB
00004F	3042	MOVLW 66
000050	00FA	MOVWF SYSLONGTEMPB_H
000051	300F	MOVLW 15
000052	00FB	MOVWF SYSLONGTEMPB_U
000053	01FC	CLRF SYSLONGTEMPB_E
000054	2476	CALL SYSDIVSUB32
000055	0875	MOVF SYSLONGTEMPA,W
000056	00A9	MOVWF DUTY
000057	0876	MOVF SYSLONGTEMPA_H,W
000058	00AA	MOVWF DUTY_H
000059	0877	MOVF SYSLONGTEMPA_U,W
00005A	00AB	MOVWF DUTY_U
00005B	0878	MOVF SYSLONGTEMPA_E,W
00005C	00AC	MOVWF DUTY_E
00005D	0821	MOVF AN11_READ,W
00005E	00F5	MOVWF SYSLONGTEMPA
00005F	0822	MOVF AN11_READ_H,W
000060	00F6	MOVWF SYSLONGTEMPA_H
000061	0823	MOVF AN11_READ_U,W
000062	00F7	MOVWF SYSLONGTEMPA_U
000063	0824	MOVF AN11_READ_E,W
000064	00F8	MOVWF SYSLONGTEMPA_E
000065	3050	MOVLW 80
000066	00F9	MOVWF SYSLONGTEMPB
000067	305F	MOVLW 95
000068	00FA	MOVWF SYSLONGTEMPB_H
000069	01FB	CLRF SYSLONGTEMPB_U
00006A	01FC	CLRF SYSLONGTEMPB_E
00006B	24D0	CALL SYSMULTSUB32
00006C	0870	MOVF SYSLONGTEMPX,W
00006D	00D7	MOVWF SYSTEMP1
00006E	0871	MOVF SYSLONGTEMPX_H,W
00006F	00D8	MOVWF SYSTEMP1_H
000070	0872	MOVF SYSLONGTEMPX_U,W
000071	00D9	MOVWF SYSTEMP1_U
000072	0873	MOVF SYSLONGTEMPX_E,W
000073	00DA	MOVWF SYSTEMP1_E
000074	0857	MOVF SYSTEMP1,W
000075	00F5	MOVWF SYSLONGTEMPA
000076	0858	MOVF SYSTEMP1_H,W
000077	00F6	MOVWF SYSLONGTEMPA_H
000078	0859	MOVF SYSTEMP1_U,W
000079	00F7	MOVWF SYSLONGTEMPA_U
00007A	085A	MOVF SYSTEMP1_E,W
00007B	00F8	MOVWF SYSLONGTEMPA_E
00007C	3040	MOVLW 64
00007D	00F9	MOVWF SYSLONGTEMPB
00007E	3042	MOVLW 66
00007F	00FA	MOVWF SYSLONGTEMPB_H
000080	300F	MOVLW 15
000081	00FB	MOVWF SYSLONGTEMPB_U
000082	01FC	CLRF SYSLONGTEMPB_E
000083	2476	CALL SYSDIVSUB32
000084	0875	MOVF SYSLONGTEMPA,W
000085	00DC	MOVWF TIME
000086	0876	MOVF SYSLONGTEMPA_H,W
000087	00DD	MOVWF TIME_H
000088	0877	MOVF SYSLONGTEMPA_U,W
000089	00DE	MOVWF TIME_U
00008A	0878	MOVF SYSLONGTEMPA_E,W
00008B	00DF	MOVWF TIME_E
00008C	0829	MOVF DUTY,W
00008D	00F5	MOVWF SYSLONGTEMPA
00008E	082A	MOVF DUTY_H,W
00008F	00F6	MOVWF SYSLONGTEMPA_H
000090	082B	MOVF DUTY_U,W
000091	00F7	MOVWF SYSLONGTEMPA_U
000092	082C	MOVF DUTY_E,W
000093	00F8	MOVWF SYSLONGTEMPA_E
000094	085C	MOVF TIME,W
000095	00F9	MOVWF SYSLONGTEMPB
000096	085D	MOVF TIME_H,W
000097	00FA	MOVWF SYSLONGTEMPB_H
000098	085E	MOVF TIME_U,W
000099	00FB	MOVWF SYSLONGTEMPB_U
00009A	085F	MOVF TIME_E,W
00009B	00FC	MOVWF SYSLONGTEMPB_E
00009C	24D0	CALL SYSMULTSUB32
00009D	0870	MOVF SYSLONGTEMPX,W
00009E	00D7	MOVWF SYSTEMP1
00009F	0871	MOVF SYSLONGTEMPX_H,W
0000A0	00D8	MOVWF SYSTEMP1_H
0000A1	0872	MOVF SYSLONGTEMPX_U,W
0000A2	00D9	MOVWF SYSTEMP1_U
0000A3	0873	MOVF SYSLONGTEMPX_E,W
0000A4	00DA	MOVWF SYSTEMP1_E
0000A5	0857	MOVF SYSTEMP1,W
0000A6	00F5	MOVWF SYSLONGTEMPA
0000A7	0858	MOVF SYSTEMP1_H,W
0000A8	00F6	MOVWF SYSLONGTEMPA_H
0000A9	0859	MOVF SYSTEMP1_U,W
0000AA	00F7	MOVWF SYSLONGTEMPA_U
0000AB	085A	MOVF SYSTEMP1_E,W
0000AC	00F8	MOVWF SYSLONGTEMPA_E
0000AD	3064	MOVLW 100
0000AE	00F9	MOVWF SYSLONGTEMPB
0000AF	01FA	CLRF SYSLONGTEMPB_H
0000B0	01FB	CLRF SYSLONGTEMPB_U
0000B1	01FC	CLRF SYSLONGTEMPB_E
0000B2	2476	CALL SYSDIVSUB32
0000B3	0875	MOVF SYSLONGTEMPA,W
0000B4	00E4	MOVWF TON
0000B5	0876	MOVF SYSLONGTEMPA_H,W
0000B6	00E5	MOVWF TON_H
0000B7	0877	MOVF SYSLONGTEMPA_U,W
0000B8	00E6	MOVWF TON_U
0000B9	0878	MOVF SYSLONGTEMPA_E,W
0000BA	00E7	MOVWF TON_E
0000BB	0864	MOVF TON,W
0000BC	025C	SUBWF TIME,W
0000BD	00E0	MOVWF TOFF
0000BE	0865	MOVF TON_H,W
0000BF	3B5D	SUBWFB TIME_H,W
0000C0	00E1	MOVWF TOFF_H
0000C1	0866	MOVF TON_U,W
0000C2	3B5E	SUBWFB TIME_U,W
0000C3	00E2	MOVWF TOFF_U
0000C4	0867	MOVF TON_E,W
0000C5	3B5F	SUBWFB TIME_E,W
0000C6	00E3	MOVWF TOFF_E
0000C7	1A8E	BTFSC PORTC,5
0000C8	29A7	GOTO ENDIF1
0000C9	3001	MOVLW 1
0000CA	00C0	MOVWF SER_SELECT
0000CB	30DF	MOVLW LOW SYSSTRINGPARAM1
0000CC	0086	MOVWF FSR1L
0000CD	3027	MOVLW HIGH SYSSTRINGPARAM1
0000CE	0087	MOVWF FSR1H
0000CF	3027	MOVLW LOW STRINGTABLE1
0000D0	00F7	MOVWF SYSSTRINGA
0000D1	3005	MOVLW (HIGH STRINGTABLE1) & 127
0000D2	00F8	MOVWF SYSSTRINGA_H
0000D3	2510	CALL SYSREADSTRING
0000D4	30DF	MOVLW LOW SYSSTRINGPARAM1
0000D5	00D4	MOVWF SYSPRINTDATAHANDLER
0000D6	3027	MOVLW HIGH SYSSTRINGPARAM1
0000D7	00D5	MOVWF SYSPRINTDATAHANDLER_H
0000D8	233A	CALL SERPRINT36
0000D9	3001	MOVLW 1
0000DA	00C0	MOVWF SER_SELECT
0000DB	0825	MOVF AN13_READ,W
0000DC	00B2	MOVWF SERPRINTVAL
0000DD	0826	MOVF AN13_READ_H,W
0000DE	00B3	MOVWF SERPRINTVAL_H
0000DF	0827	MOVF AN13_READ_U,W
0000E0	00B4	MOVWF SERPRINTVAL_U
0000E1	0828	MOVF AN13_READ_E,W
0000E2	00B5	MOVWF SERPRINTVAL_E
0000E3	2357	CALL SERPRINT39
0000E4	3001	MOVLW 1
0000E5	00C0	MOVWF SER_SELECT
0000E6	300D	MOVLW 13
0000E7	00B7	MOVWF SER_BYTE
0000E8	239F	CALL SERSEND
0000E9	3001	MOVLW 1
0000EA	00C0	MOVWF SER_SELECT
0000EB	300A	MOVLW 10
0000EC	00B7	MOVWF SER_BYTE
0000ED	239F	CALL SERSEND
0000EE	3001	MOVLW 1
0000EF	00C0	MOVWF SER_SELECT
0000F0	30DF	MOVLW LOW SYSSTRINGPARAM1
0000F1	0086	MOVWF FSR1L
0000F2	3027	MOVLW HIGH SYSSTRINGPARAM1
0000F3	0087	MOVWF FSR1H
0000F4	302D	MOVLW LOW STRINGTABLE2
0000F5	00F7	MOVWF SYSSTRINGA
0000F6	3005	MOVLW (HIGH STRINGTABLE2) & 127
0000F7	00F8	MOVWF SYSSTRINGA_H
0000F8	2510	CALL SYSREADSTRING
0000F9	30DF	MOVLW LOW SYSSTRINGPARAM1
0000FA	00D4	MOVWF SYSPRINTDATAHANDLER
0000FB	3027	MOVLW HIGH SYSSTRINGPARAM1
0000FC	00D5	MOVWF SYSPRINTDATAHANDLER_H
0000FD	233A	CALL SERPRINT36
0000FE	3001	MOVLW 1
0000FF	00C0	MOVWF SER_SELECT
000100	0821	MOVF AN11_READ,W
000101	00B2	MOVWF SERPRINTVAL
000102	0822	MOVF AN11_READ_H,W
000103	00B3	MOVWF SERPRINTVAL_H
000104	0823	MOVF AN11_READ_U,W
000105	00B4	MOVWF SERPRINTVAL_U
000106	0824	MOVF AN11_READ_E,W
000107	00B5	MOVWF SERPRINTVAL_E
000108	2357	CALL SERPRINT39
000109	3001	MOVLW 1
00010A	00C0	MOVWF SER_SELECT
00010B	300D	MOVLW 13
00010C	00B7	MOVWF SER_BYTE
00010D	239F	CALL SERSEND
00010E	3001	MOVLW 1
00010F	00C0	MOVWF SER_SELECT
000110	300A	MOVLW 10
000111	00B7	MOVWF SER_BYTE
000112	239F	CALL SERSEND
000113	3001	MOVLW 1
000114	00C0	MOVWF SER_SELECT
000115	30DF	MOVLW LOW SYSSTRINGPARAM1
000116	0086	MOVWF FSR1L
000117	3027	MOVLW HIGH SYSSTRINGPARAM1
000118	0087	MOVWF FSR1H
000119	3033	MOVLW LOW STRINGTABLE3
00011A	00F7	MOVWF SYSSTRINGA
00011B	3005	MOVLW (HIGH STRINGTABLE3) & 127
00011C	00F8	MOVWF SYSSTRINGA_H
00011D	2510	CALL SYSREADSTRING
00011E	30DF	MOVLW LOW SYSSTRINGPARAM1
00011F	00D4	MOVWF SYSPRINTDATAHANDLER
000120	3027	MOVLW HIGH SYSSTRINGPARAM1
000121	00D5	MOVWF SYSPRINTDATAHANDLER_H
000122	233A	CALL SERPRINT36
000123	3001	MOVLW 1
000124	00C0	MOVWF SER_SELECT
000125	0864	MOVF TON,W
000126	00B2	MOVWF SERPRINTVAL
000127	0865	MOVF TON_H,W
000128	00B3	MOVWF SERPRINTVAL_H
000129	0866	MOVF TON_U,W
00012A	00B4	MOVWF SERPRINTVAL_U
00012B	0867	MOVF TON_E,W
00012C	00B5	MOVWF SERPRINTVAL_E
00012D	2357	CALL SERPRINT39
00012E	3001	MOVLW 1
00012F	00C0	MOVWF SER_SELECT
000130	300D	MOVLW 13
000131	00B7	MOVWF SER_BYTE
000132	239F	CALL SERSEND
000133	3001	MOVLW 1
000134	00C0	MOVWF SER_SELECT
000135	300A	MOVLW 10
000136	00B7	MOVWF SER_BYTE
000137	239F	CALL SERSEND
000138	3001	MOVLW 1
000139	00C0	MOVWF SER_SELECT
00013A	30DF	MOVLW LOW SYSSTRINGPARAM1
00013B	0086	MOVWF FSR1L
00013C	3027	MOVLW HIGH SYSSTRINGPARAM1
00013D	0087	MOVWF FSR1H
00013E	3038	MOVLW LOW STRINGTABLE4
00013F	00F7	MOVWF SYSSTRINGA
000140	3005	MOVLW (HIGH STRINGTABLE4) & 127
000141	00F8	MOVWF SYSSTRINGA_H
000142	2510	CALL SYSREADSTRING
000143	30DF	MOVLW LOW SYSSTRINGPARAM1
000144	00D4	MOVWF SYSPRINTDATAHANDLER
000145	3027	MOVLW HIGH SYSSTRINGPARAM1
000146	00D5	MOVWF SYSPRINTDATAHANDLER_H
000147	233A	CALL SERPRINT36
000148	3001	MOVLW 1
000149	00C0	MOVWF SER_SELECT
00014A	0860	MOVF TOFF,W
00014B	00B2	MOVWF SERPRINTVAL
00014C	0861	MOVF TOFF_H,W
00014D	00B3	MOVWF SERPRINTVAL_H
00014E	0862	MOVF TOFF_U,W
00014F	00B4	MOVWF SERPRINTVAL_U
000150	0863	MOVF TOFF_E,W
000151	00B5	MOVWF SERPRINTVAL_E
000152	2357	CALL SERPRINT39
000153	3001	MOVLW 1
000154	00C0	MOVWF SER_SELECT
000155	300D	MOVLW 13
000156	00B7	MOVWF SER_BYTE
000157	239F	CALL SERSEND
000158	3001	MOVLW 1
000159	00C0	MOVWF SER_SELECT
00015A	300A	MOVLW 10
00015B	00B7	MOVWF SER_BYTE
00015C	239F	CALL SERSEND
00015D	3001	MOVLW 1
00015E	00C0	MOVWF SER_SELECT
00015F	30DF	MOVLW LOW SYSSTRINGPARAM1
000160	0086	MOVWF FSR1L
000161	3027	MOVLW HIGH SYSSTRINGPARAM1
000162	0087	MOVWF FSR1H
000163	303E	MOVLW LOW STRINGTABLE5
000164	00F7	MOVWF SYSSTRINGA
000165	3005	MOVLW (HIGH STRINGTABLE5) & 127
000166	00F8	MOVWF SYSSTRINGA_H
000167	2510	CALL SYSREADSTRING
000168	30DF	MOVLW LOW SYSSTRINGPARAM1
000169	00D4	MOVWF SYSPRINTDATAHANDLER
00016A	3027	MOVLW HIGH SYSSTRINGPARAM1
00016B	00D5	MOVWF SYSPRINTDATAHANDLER_H
00016C	233A	CALL SERPRINT36
00016D	3001	MOVLW 1
00016E	00C0	MOVWF SER_SELECT
00016F	0829	MOVF DUTY,W
000170	00B2	MOVWF SERPRINTVAL
000171	082A	MOVF DUTY_H,W
000172	00B3	MOVWF SERPRINTVAL_H
000173	082B	MOVF DUTY_U,W
000174	00B4	MOVWF SERPRINTVAL_U
000175	082C	MOVF DUTY_E,W
000176	00B5	MOVWF SERPRINTVAL_E
000177	2357	CALL SERPRINT39
000178	3001	MOVLW 1
000179	00C0	MOVWF SER_SELECT
00017A	300D	MOVLW 13
00017B	00B7	MOVWF SER_BYTE
00017C	239F	CALL SERSEND
00017D	3001	MOVLW 1
00017E	00C0	MOVWF SER_SELECT
00017F	300A	MOVLW 10
000180	00B7	MOVWF SER_BYTE
000181	239F	CALL SERSEND
000182	3001	MOVLW 1
000183	00C0	MOVWF SER_SELECT
000184	30DF	MOVLW LOW SYSSTRINGPARAM1
000185	0086	MOVWF FSR1L
000186	3027	MOVLW HIGH SYSSTRINGPARAM1
000187	0087	MOVWF FSR1H
000188	3044	MOVLW LOW STRINGTABLE6
000189	00F7	MOVWF SYSSTRINGA
00018A	3005	MOVLW (HIGH STRINGTABLE6) & 127
00018B	00F8	MOVWF SYSSTRINGA_H
00018C	2510	CALL SYSREADSTRING
00018D	30DF	MOVLW LOW SYSSTRINGPARAM1
00018E	00D4	MOVWF SYSPRINTDATAHANDLER
00018F	3027	MOVLW HIGH SYSSTRINGPARAM1
000190	00D5	MOVWF SYSPRINTDATAHANDLER_H
000191	233A	CALL SERPRINT36
000192	3001	MOVLW 1
000193	00C0	MOVWF SER_SELECT
000194	085C	MOVF TIME,W
000195	00B2	MOVWF SERPRINTVAL
000196	085D	MOVF TIME_H,W
000197	00B3	MOVWF SERPRINTVAL_H
000198	085E	MOVF TIME_U,W
000199	00B4	MOVWF SERPRINTVAL_U
00019A	085F	MOVF TIME_E,W
00019B	00B5	MOVWF SERPRINTVAL_E
00019C	2357	CALL SERPRINT39
00019D	3001	MOVLW 1
00019E	00C0	MOVWF SER_SELECT
00019F	300D	MOVLW 13
0001A0	00B7	MOVWF SER_BYTE
0001A1	239F	CALL SERSEND
0001A2	3001	MOVLW 1
0001A3	00C0	MOVWF SER_SELECT
0001A4	300A	MOVLW 10
0001A5	00B7	MOVWF SER_BYTE
0001A6	239F	CALL SERSEND
		ENDIF1
0001A7	1B0E	BTFSC PORTC,6
0001A8	29AC	GOTO ELSE2_1
000000	0022	BANKSEL LATA
0001AA	148C	BSF LATA,1
0001AB	29BC	GOTO ENDIF2
		ELSE2_1
000000	0022	BANKSEL LATA
0001AD	148C	BSF LATA,1
000000	0020	BANKSEL TON
0001AF	0864	MOVF TON,W
0001B0	00F2	MOVWF SYSWAITTEMPMS
0001B1	0865	MOVF TON_H,W
0001B2	00F3	MOVWF SYSWAITTEMPMS_H
0001B3	21C7	CALL DELAY_MS
000000	0022	BANKSEL LATA
0001B5	108C	BCF LATA,1
000000	0020	BANKSEL TOFF
0001B7	0860	MOVF TOFF,W
0001B8	00F2	MOVWF SYSWAITTEMPMS
0001B9	0861	MOVF TOFF_H,W
0001BA	00F3	MOVWF SYSWAITTEMPMS_H
0001BB	21C7	CALL DELAY_MS
		ENDIF2
0001BC	281B	GOTO SYSDOLOOP_S1
		SYSDOLOOP_E1
		BASPROGRAMEND
0001BD	0063	SLEEP
0001BE	29BD	GOTO BASPROGRAMEND


		DELAY_10US
		D10US_START
0001BF	3005	MOVLW 5
0001C0	00F0	MOVWF DELAYTEMP
		DELAYUS0
0001C1	0BF0	DECFSZ DELAYTEMP,F
0001C2	29C1	GOTO DELAYUS0
0001C3	0000	NOP
0001C4	0BF5	DECFSZ SYSWAITTEMP10US, F
0001C5	29BF	GOTO D10US_START
0001C6	0008	RETURN


		DELAY_MS
0001C7	0AF3	INCF SYSWAITTEMPMS_H, F
		DMS_START
0001C8	3004	MOVLW 4
0001C9	00F1	MOVWF DELAYTEMP2
		DMS_OUTER
0001CA	30A5	MOVLW 165
0001CB	00F0	MOVWF DELAYTEMP
		DMS_INNER
0001CC	0BF0	DECFSZ DELAYTEMP, F
0001CD	29CC	GOTO DMS_INNER
0001CE	0BF1	DECFSZ DELAYTEMP2, F
0001CF	29CA	GOTO DMS_OUTER
0001D0	0BF2	DECFSZ SYSWAITTEMPMS, F
0001D1	29C8	GOTO DMS_START
0001D2	0BF3	DECFSZ SYSWAITTEMPMS_H, F
0001D3	29C8	GOTO DMS_START
0001D4	0008	RETURN


		INITSER
0001D5	0840	MOVF SER_SELECT,W
0001D6	00C1	MOVWF SER_SELECT_OLD
0001D7	0340	DECF SER_SELECT,W
0001D8	1D03	BTFSS STATUS, Z
0001D9	29E6	GOTO ENDIF8
0001DA	083E	MOVF SER_RATE,W
0001DB	00BF	MOVWF SER_RATE_A
0001DC	0842	MOVF SER_START,W
0001DD	00C3	MOVWF SER_START_A
0001DE	0838	MOVF SER_DATA,W
0001DF	00B9	MOVWF SER_DATA_A
0001E0	0844	MOVF SER_STOP,W
0001E1	00C5	MOVWF SER_STOP_A
0001E2	083C	MOVF SER_PARITY,W
0001E3	00BD	MOVWF SER_PARITY_A
0001E4	083A	MOVF SER_INVERT,W
0001E5	00BB	MOVWF SER_INVERT_A
		ENDIF8
0001E6	3005	MOVLW 5
0001E7	00F2	MOVWF SYSWAITTEMPMS
0001E8	01F3	CLRF SYSWAITTEMPMS_H
0001E9	29C7	GOTO DELAY_MS


		INITSYS
000000	0021	BANKSEL OSCCON
0001EB	1719	BSF OSCCON,IRCF3
0001EC	1699	BSF OSCCON,IRCF2
0001ED	1619	BSF OSCCON,IRCF1
0001EE	1199	BCF OSCCON,IRCF0
0001EF	1399	BCF OSCCON,SPLLEN
0001F0	139E	BCF ADCON1,ADFM
0001F1	101D	BCF ADCON0,ADON
000000	0023	BANKSEL ANSELA
0001F3	018C	CLRF ANSELA
0001F4	018D	CLRF ANSELB
0001F5	018E	CLRF ANSELC
000000	0022	BANKSEL CM2CON0
0001F7	1393	BCF CM2CON0,C2ON
0001F8	1391	BCF CM1CON0,C1ON
000000	0020	BANKSEL PORTA
0001FA	018C	CLRF PORTA
0001FB	018D	CLRF PORTB
0001FC	018E	CLRF PORTC
0001FD	0190	CLRF PORTE
0001FE	0008	RETURN


		FN_READAD126
000000	0021	BANKSEL ADCON1
000200	179E	BSF ADCON1,ADFM
000201	139D	BCF ADCON0,ADRMD
000202	141F	BSF ADCON2,CHSN0
000203	149F	BSF ADCON2,CHSN1
000204	151F	BSF ADCON2,CHSN2
000205	159F	BSF ADCON2,CHSN3
		SYSSELECT1CASE1
000000	0020	BANKSEL ADREADPORT
000207	08A0	MOVF ADREADPORT,F
000208	1D03	BTFSS STATUS, Z
000209	2A0D	GOTO SYSSELECT1CASE2
000000	0023	BANKSEL ANSELA
00020B	140C	BSF ANSELA,0
00020C	2A7B	GOTO SYSSELECTEND1
		SYSSELECT1CASE2
00020D	0320	DECF ADREADPORT,W
00020E	1D03	BTFSS STATUS, Z
00020F	2A13	GOTO SYSSELECT1CASE3
000000	0023	BANKSEL ANSELA
000211	148C	BSF ANSELA,1
000212	2A7B	GOTO SYSSELECTEND1
		SYSSELECT1CASE3
000213	3002	MOVLW 2
000214	0220	SUBWF ADREADPORT,W
000215	1D03	BTFSS STATUS, Z
000216	2A1A	GOTO SYSSELECT1CASE4
000000	0023	BANKSEL ANSELA
000218	150C	BSF ANSELA,2
000219	2A7B	GOTO SYSSELECTEND1
		SYSSELECT1CASE4
00021A	3003	MOVLW 3
00021B	0220	SUBWF ADREADPORT,W
00021C	1D03	BTFSS STATUS, Z
00021D	2A21	GOTO SYSSELECT1CASE5
000000	0023	BANKSEL ANSELA
00021F	158C	BSF ANSELA,3
000220	2A7B	GOTO SYSSELECTEND1
		SYSSELECT1CASE5
000221	3004	MOVLW 4
000222	0220	SUBWF ADREADPORT,W
000223	1D03	BTFSS STATUS, Z
000224	2A28	GOTO SYSSELECT1CASE6
000000	0023	BANKSEL ANSELA
000226	168C	BSF ANSELA,5
000227	2A7B	GOTO SYSSELECTEND1
		SYSSELECT1CASE6
000228	300C	MOVLW 12
000229	0220	SUBWF ADREADPORT,W
00022A	1D03	BTFSS STATUS, Z
00022B	2A2F	GOTO SYSSELECT1CASE7
000000	0023	BANKSEL ANSELB
00022D	140D	BSF ANSELB,0
00022E	2A7B	GOTO SYSSELECTEND1
		SYSSELECT1CASE7
00022F	300A	MOVLW 10
000230	0220	SUBWF ADREADPORT,W
000231	1D03	BTFSS STATUS, Z
000232	2A36	GOTO SYSSELECT1CASE8
000000	0023	BANKSEL ANSELB
000234	148D	BSF ANSELB,1
000235	2A7B	GOTO SYSSELECTEND1
		SYSSELECT1CASE8
000236	3008	MOVLW 8
000237	0220	SUBWF ADREADPORT,W
000238	1D03	BTFSS STATUS, Z
000239	2A3D	GOTO SYSSELECT1CASE9
000000	0023	BANKSEL ANSELB
00023B	150D	BSF ANSELB,2
00023C	2A7B	GOTO SYSSELECTEND1
		SYSSELECT1CASE9
00023D	3009	MOVLW 9
00023E	0220	SUBWF ADREADPORT,W
00023F	1D03	BTFSS STATUS, Z
000240	2A44	GOTO SYSSELECT1CASE10
000000	0023	BANKSEL ANSELB
000242	158D	BSF ANSELB,3
000243	2A7B	GOTO SYSSELECTEND1
		SYSSELECT1CASE10
000244	300B	MOVLW 11
000245	0220	SUBWF ADREADPORT,W
000246	1D03	BTFSS STATUS, Z
000247	2A4B	GOTO SYSSELECT1CASE11
000000	0023	BANKSEL ANSELB
000249	160D	BSF ANSELB,4
00024A	2A7B	GOTO SYSSELECTEND1
		SYSSELECT1CASE11
00024B	300D	MOVLW 13
00024C	0220	SUBWF ADREADPORT,W
00024D	1D03	BTFSS STATUS, Z
00024E	2A52	GOTO SYSSELECT1CASE12
000000	0023	BANKSEL ANSELB
000250	168D	BSF ANSELB,5
000251	2A7B	GOTO SYSSELECTEND1
		SYSSELECT1CASE12
000252	300E	MOVLW 14
000253	0220	SUBWF ADREADPORT,W
000254	1D03	BTFSS STATUS, Z
000255	2A59	GOTO SYSSELECT1CASE13
000000	0023	BANKSEL ANSELC
000257	150E	BSF ANSELC,2
000258	2A7B	GOTO SYSSELECTEND1
		SYSSELECT1CASE13
000259	300F	MOVLW 15
00025A	0220	SUBWF ADREADPORT,W
00025B	1D03	BTFSS STATUS, Z
00025C	2A60	GOTO SYSSELECT1CASE14
000000	0023	BANKSEL ANSELC
00025E	158E	BSF ANSELC,3
00025F	2A7B	GOTO SYSSELECTEND1
		SYSSELECT1CASE14
000260	3010	MOVLW 16
000261	0220	SUBWF ADREADPORT,W
000262	1D03	BTFSS STATUS, Z
000263	2A67	GOTO SYSSELECT1CASE15
000000	0023	BANKSEL ANSELC
000265	160E	BSF ANSELC,4
000266	2A7B	GOTO SYSSELECTEND1
		SYSSELECT1CASE15
000267	3011	MOVLW 17
000268	0220	SUBWF ADREADPORT,W
000269	1D03	BTFSS STATUS, Z
00026A	2A6E	GOTO SYSSELECT1CASE16
000000	0023	BANKSEL ANSELC
00026C	168E	BSF ANSELC,5
00026D	2A7B	GOTO SYSSELECTEND1
		SYSSELECT1CASE16
00026E	3012	MOVLW 18
00026F	0220	SUBWF ADREADPORT,W
000270	1D03	BTFSS STATUS, Z
000271	2A75	GOTO SYSSELECT1CASE17
000000	0023	BANKSEL ANSELC
000273	170E	BSF ANSELC,6
000274	2A7B	GOTO SYSSELECTEND1
		SYSSELECT1CASE17
000275	3013	MOVLW 19
000276	0220	SUBWF ADREADPORT,W
000277	1D03	BTFSS STATUS, Z
000278	2A7B	GOTO SYSSELECTEND1
000000	0023	BANKSEL ANSELC
00027A	178E	BSF ANSELC,7
		SYSSELECTEND1
000000	0021	BANKSEL ADCON1
00027C	131E	BCF ADCON1,ADCS2
00027D	129E	BCF ADCON1,ADCS1
00027E	161E	BSF ADCON1,ADCS0
00027F	111D	BCF ADCON0,CHS0
000280	119D	BCF ADCON0,CHS1
000281	121D	BCF ADCON0,CHS2
000282	129D	BCF ADCON0,CHS3
000283	131D	BCF ADCON0,CHS4
000000	0020	BANKSEL ADREADPORT
000285	1C20	BTFSS ADREADPORT,0
000286	2A89	GOTO ENDIF3
000000	0021	BANKSEL ADCON0
000288	151D	BSF ADCON0,CHS0
		ENDIF3
000000	0020	BANKSEL ADREADPORT
00028A	1CA0	BTFSS ADREADPORT,1
00028B	2A8E	GOTO ENDIF4
000000	0021	BANKSEL ADCON0
00028D	159D	BSF ADCON0,CHS1
		ENDIF4
000000	0020	BANKSEL ADREADPORT
00028F	1D20	BTFSS ADREADPORT,2
000290	2A93	GOTO ENDIF5
000000	0021	BANKSEL ADCON0
000292	161D	BSF ADCON0,CHS2
		ENDIF5
000000	0020	BANKSEL ADREADPORT
000294	1DA0	BTFSS ADREADPORT,3
000295	2A98	GOTO ENDIF6
000000	0021	BANKSEL ADCON0
000297	169D	BSF ADCON0,CHS3
		ENDIF6
000000	0020	BANKSEL ADREADPORT
000299	1E20	BTFSS ADREADPORT,4
00029A	2A9D	GOTO ENDIF7
000000	0021	BANKSEL ADCON0
00029C	171D	BSF ADCON0,CHS4
		ENDIF7
000000	0021	BANKSEL ADCON0
00029E	141D	BSF ADCON0,ADON
00029F	3002	MOVLW 2
0002A0	00F5	MOVWF SYSWAITTEMP10US
000000	0020	BANKSEL STATUS
0002A2	21BF	CALL DELAY_10US
000000	0021	BANKSEL ADCON0
0002A4	149D	BSF ADCON0,GO_NOT_DONE
0002A5	0000	NOP
		SYSWAITLOOP1
0002A6	189D	BTFSC ADCON0,GO_NOT_DONE
0002A7	2AA6	GOTO SYSWAITLOOP1
0002A8	101D	BCF ADCON0,ADON
000000	0023	BANKSEL ANSELA
0002AA	018C	CLRF ANSELA
0002AB	018D	CLRF ANSELB
0002AC	018E	CLRF ANSELC
000000	0021	BANKSEL ADRESL
0002AE	081B	MOVF ADRESL,W
000000	0020	BANKSEL READAD12
0002B0	00AE	MOVWF READAD12
0002B1	01AF	CLRF READAD12_H
000000	0021	BANKSEL ADRESH
0002B3	081C	MOVF ADRESH,W
000000	0020	BANKSEL READAD12_H
0002B5	00AF	MOVWF READAD12_H
000000	0021	BANKSEL ADCON1
0002B7	139E	BCF ADCON1,ADFM
000000	0020	BANKSEL STATUS
0002B9	0008	RETURN


		SERBITDELAY
0002BA	033E	DECF SER_RATE,W
0002BB	1D03	BTFSS STATUS, Z
0002BC	2AC3	GOTO ENDIF47
0002BD	3016	MOVLW 22
0002BE	00F0	MOVWF DELAYTEMP
		DELAYUS1
0002BF	0BF0	DECFSZ DELAYTEMP,F
0002C0	2ABF	GOTO DELAYUS1
0002C1	0000	NOP
0002C2	0008	RETURN
		ENDIF47
0002C3	3002	MOVLW 2
0002C4	023E	SUBWF SER_RATE,W
0002C5	1D03	BTFSS STATUS, Z
0002C6	2ACC	GOTO ENDIF48
0002C7	3037	MOVLW 55
0002C8	00F0	MOVWF DELAYTEMP
		DELAYUS2
0002C9	0BF0	DECFSZ DELAYTEMP,F
0002CA	2AC9	GOTO DELAYUS2
0002CB	0008	RETURN
		ENDIF48
0002CC	3004	MOVLW 4
0002CD	023E	SUBWF SER_RATE,W
0002CE	1D03	BTFSS STATUS, Z
0002CF	2AD6	GOTO ENDIF49
0002D0	307A	MOVLW 122
0002D1	00F0	MOVWF DELAYTEMP
		DELAYUS3
0002D2	0BF0	DECFSZ DELAYTEMP,F
0002D3	2AD2	GOTO DELAYUS3
0002D4	0000	NOP
0002D5	0008	RETURN
		ENDIF49
0002D6	3008	MOVLW 8
0002D7	023E	SUBWF SER_RATE,W
0002D8	1D03	BTFSS STATUS, Z
0002D9	2AE7	GOTO ENDIF50
0002DA	3001	MOVLW 1
0002DB	00F1	MOVWF DELAYTEMP2
		DELAYUSO4
0002DC	01F0	CLRF DELAYTEMP
		DELAYUS4
0002DD	0BF0	DECFSZ DELAYTEMP,F
0002DE	2ADD	GOTO DELAYUS4
0002DF	0BF1	DECFSZ DELAYTEMP2,F
0002E0	2ADC	GOTO DELAYUSO4
0002E1	3002	MOVLW 2
0002E2	00F0	MOVWF DELAYTEMP
		DELAYUS5
0002E3	0BF0	DECFSZ DELAYTEMP,F
0002E4	2AE3	GOTO DELAYUS5
0002E5	0000	NOP
0002E6	0008	RETURN
		ENDIF50
0002E7	3010	MOVLW 16
0002E8	023E	SUBWF SER_RATE,W
0002E9	1D03	BTFSS STATUS, Z
0002EA	2AF8	GOTO ENDIF51
0002EB	3002	MOVLW 2
0002EC	00F1	MOVWF DELAYTEMP2
		DELAYUSO6
0002ED	01F0	CLRF DELAYTEMP
		DELAYUS6
0002EE	0BF0	DECFSZ DELAYTEMP,F
0002EF	2AEE	GOTO DELAYUS6
0002F0	0BF1	DECFSZ DELAYTEMP2,F
0002F1	2AED	GOTO DELAYUSO6
0002F2	3015	MOVLW 21
0002F3	00F0	MOVWF DELAYTEMP
		DELAYUS7
0002F4	0BF0	DECFSZ DELAYTEMP,F
0002F5	2AF4	GOTO DELAYUS7
0002F6	0000	NOP
0002F7	0008	RETURN
		ENDIF51
0002F8	3020	MOVLW 32
0002F9	023E	SUBWF SER_RATE,W
0002FA	1D03	BTFSS STATUS, Z
0002FB	2B09	GOTO ENDIF52
0002FC	3004	MOVLW 4
0002FD	00F1	MOVWF DELAYTEMP2
		DELAYUSO8
0002FE	01F0	CLRF DELAYTEMP
		DELAYUS8
0002FF	0BF0	DECFSZ DELAYTEMP,F
000300	2AFF	GOTO DELAYUS8
000301	0BF1	DECFSZ DELAYTEMP2,F
000302	2AFE	GOTO DELAYUSO8
000303	303D	MOVLW 61
000304	00F0	MOVWF DELAYTEMP
		DELAYUS9
000305	0BF0	DECFSZ DELAYTEMP,F
000306	2B05	GOTO DELAYUS9
000307	0000	NOP
000308	0008	RETURN
		ENDIF52
000309	3040	MOVLW 64
00030A	023E	SUBWF SER_RATE,W
00030B	1D03	BTFSS STATUS, Z
00030C	2B19	GOTO ENDIF53
00030D	3008	MOVLW 8
00030E	00F1	MOVWF DELAYTEMP2
		DELAYUSO10
00030F	01F0	CLRF DELAYTEMP
		DELAYUS10
000310	0BF0	DECFSZ DELAYTEMP,F
000311	2B10	GOTO DELAYUS10
000312	0BF1	DECFSZ DELAYTEMP2,F
000313	2B0F	GOTO DELAYUSO10
000314	3091	MOVLW 145
000315	00F0	MOVWF DELAYTEMP
		DELAYUS11
000316	0BF0	DECFSZ DELAYTEMP,F
000317	2B16	GOTO DELAYUS11
000318	0008	RETURN
		ENDIF53
000319	01B1	CLRF SERDELAYLOOP
00031A	3001	MOVLW 1
00031B	023E	SUBWF SER_RATE,W
00031C	1C03	BTFSS STATUS, C
00031D	2B27	GOTO SYSFORLOOPEND6
		SYSFORLOOP6
00031E	0AB1	INCF SERDELAYLOOP,F
00031F	301C	MOVLW 28
000320	00F0	MOVWF DELAYTEMP
		DELAYUS12
000321	0BF0	DECFSZ DELAYTEMP,F
000322	2B21	GOTO DELAYUS12
000323	083E	MOVF SER_RATE,W
000324	0231	SUBWF SERDELAYLOOP,W
000325	1C03	BTFSS STATUS, C
000326	2B1E	GOTO SYSFORLOOP6
		SYSFORLOOPEND6
000327	0008	RETURN


		SERCFGLOAD
000328	0840	MOVF SER_SELECT,W
000329	00C1	MOVWF SER_SELECT_OLD
00032A	0340	DECF SER_SELECT,W
00032B	1D03	BTFSS STATUS, Z
00032C	2B39	GOTO ENDIF46
00032D	083F	MOVF SER_RATE_A,W
00032E	00BE	MOVWF SER_RATE
00032F	0843	MOVF SER_START_A,W
000330	00C2	MOVWF SER_START
000331	0839	MOVF SER_DATA_A,W
000332	00B8	MOVWF SER_DATA
000333	0845	MOVF SER_STOP_A,W
000334	00C4	MOVWF SER_STOP
000335	083D	MOVF SER_PARITY_A,W
000336	00BC	MOVWF SER_PARITY
000337	083B	MOVF SER_INVERT_A,W
000338	00BA	MOVWF SER_INVERT
		ENDIF46
000339	0008	RETURN


		SERPRINT36
00033A	0854	MOVF SYSPRINTDATAHANDLER,W
00033B	0084	MOVWF AFSR0
00033C	0855	MOVF SYSPRINTDATAHANDLER_H,W
00033D	0085	MOVWF AFSR0_H
00033E	0800	MOVF INDF0,W
00033F	00AD	MOVWF PRINTLEN
000340	08AD	MOVF PRINTLEN,F
000341	1903	BTFSC STATUS, Z
000342	2B56	GOTO SERPRINTSTREND
000343	01D6	CLRF SYSPRINTTEMP
000344	3001	MOVLW 1
000345	022D	SUBWF PRINTLEN,W
000346	1C03	BTFSS STATUS, C
000347	2B56	GOTO SYSFORLOOPEND4
		SYSFORLOOP4
000348	0AD6	INCF SYSPRINTTEMP,F
000349	0856	MOVF SYSPRINTTEMP,W
00034A	0754	ADDWF SYSPRINTDATAHANDLER,W
00034B	0084	MOVWF AFSR0
00034C	3000	MOVLW 0
00034D	3D55	ADDWFC SYSPRINTDATAHANDLER_H,W
00034E	0085	MOVWF AFSR0_H
00034F	0800	MOVF INDF0,W
000350	00B7	MOVWF SER_BYTE
000351	239F	CALL SERSEND
000352	082D	MOVF PRINTLEN,W
000353	0256	SUBWF SYSPRINTTEMP,W
000354	1C03	BTFSS STATUS, C
000355	2B48	GOTO SYSFORLOOP4
		SYSFORLOOPEND4
		SERPRINTSTREND
000356	0008	RETURN


		SERPRINT39
000357	01D3	CLRF SYSPRINTBUFFLEN
		SYSDOLOOP_S2
000358	0AD3	INCF SYSPRINTBUFFLEN,F
000359	30E5	MOVLW LOW(SYSPRINTBUFFER)
00035A	0753	ADDWF SYSPRINTBUFFLEN,W
00035B	0084	MOVWF AFSR0
00035C	01D7	CLRF SYSTEMP1
00035D	3027	MOVLW HIGH(SYSPRINTBUFFER)
00035E	3D57	ADDWFC SYSTEMP1,W
00035F	0085	MOVWF AFSR0_H
000360	0832	MOVF SERPRINTVAL,W
000361	00F5	MOVWF SYSLONGTEMPA
000362	0833	MOVF SERPRINTVAL_H,W
000363	00F6	MOVWF SYSLONGTEMPA_H
000364	0834	MOVF SERPRINTVAL_U,W
000365	00F7	MOVWF SYSLONGTEMPA_U
000366	0835	MOVF SERPRINTVAL_E,W
000367	00F8	MOVWF SYSLONGTEMPA_E
000368	300A	MOVLW 10
000369	00F9	MOVWF SYSLONGTEMPB
00036A	01FA	CLRF SYSLONGTEMPB_H
00036B	01FB	CLRF SYSLONGTEMPB_U
00036C	01FC	CLRF SYSLONGTEMPB_E
00036D	2476	CALL SYSDIVSUB32
00036E	0870	MOVF SYSLONGTEMPX,W
00036F	0080	MOVWF INDF0
000370	0875	MOVF SYSCALCTEMPA,W
000371	00B2	MOVWF SERPRINTVAL
000372	0876	MOVF SYSCALCTEMPA_H,W
000373	00B3	MOVWF SERPRINTVAL_H
000374	0877	MOVF SYSCALCTEMPA_U,W
000375	00B4	MOVWF SERPRINTVAL_U
000376	0878	MOVF SYSCALCTEMPA_E,W
000377	00B5	MOVWF SERPRINTVAL_E
000378	0832	MOVF SERPRINTVAL,W
000379	00F5	MOVWF SYSLONGTEMPA
00037A	0833	MOVF SERPRINTVAL_H,W
00037B	00F6	MOVWF SYSLONGTEMPA_H
00037C	0834	MOVF SERPRINTVAL_U,W
00037D	00F7	MOVWF SYSLONGTEMPA_U
00037E	0835	MOVF SERPRINTVAL_E,W
00037F	00F8	MOVWF SYSLONGTEMPA_E
000380	01F9	CLRF SYSLONGTEMPB
000381	01FA	CLRF SYSLONGTEMPB_H
000382	01FB	CLRF SYSLONGTEMPB_U
000383	01FC	CLRF SYSLONGTEMPB_E
000384	244A	CALL SYSCOMPEQUAL32
000385	09F0	COMF SYSBYTETEMPX,F
000386	1870	BTFSC SYSBYTETEMPX,0
000387	2B58	GOTO SYSDOLOOP_S2
		SYSDOLOOP_E2
000388	0A53	INCF SYSPRINTBUFFLEN,W
000389	00D6	MOVWF SYSPRINTTEMP
00038A	3001	MOVLW 1
00038B	0253	SUBWF SYSPRINTBUFFLEN,W
00038C	1C03	BTFSS STATUS, C
00038D	2B9E	GOTO SYSFORLOOPEND5
		SYSFORLOOP5
00038E	03D6	DECF SYSPRINTTEMP,F
00038F	30E5	MOVLW LOW(SYSPRINTBUFFER)
000390	0756	ADDWF SYSPRINTTEMP,W
000391	0084	MOVWF AFSR0
000392	01D7	CLRF SYSTEMP1
000393	3027	MOVLW HIGH(SYSPRINTBUFFER)
000394	3D57	ADDWFC SYSTEMP1,W
000395	0085	MOVWF AFSR0_H
000396	3030	MOVLW 48
000397	0700	ADDWF INDF0,W
000398	00B7	MOVWF SER_BYTE
000399	239F	CALL SERSEND
00039A	0856	MOVF SYSPRINTTEMP,W
00039B	3C01	SUBLW 1
00039C	1C03	BTFSS STATUS, C
00039D	2B8E	GOTO SYSFORLOOP5
		SYSFORLOOPEND5
00039E	0008	RETURN


		SERSEND
00039F	0841	MOVF SER_SELECT_OLD,W
0003A0	0240	SUBWF SER_SELECT,W
0003A1	1D03	BTFSS STATUS, Z
0003A2	2328	CALL SERCFGLOAD
0003A3	307F	MOVLW 127
0003A4	0542	ANDWF SER_START,W
0003A5	00B6	MOVWF SERTEMP
0003A6	01B0	CLRF SERBIT
0003A7	3001	MOVLW 1
0003A8	0236	SUBWF SERTEMP,W
0003A9	1C03	BTFSS STATUS, C
0003AA	2BC9	GOTO SYSFORLOOPEND1
		SYSFORLOOP1
0003AB	0AB0	INCF SERBIT,F
0003AC	08BA	MOVF SER_INVERT,F
0003AD	1D03	BTFSS STATUS, Z
0003AE	2BB9	GOTO ENDIF11
0003AF	0340	DECF SER_SELECT,W
0003B0	1D03	BTFSS STATUS, Z
0003B1	2BB4	GOTO ENDIF23
000000	0022	BANKSEL LATB
0003B3	138D	BCF LATB,7
		ENDIF23
000000	0020	BANKSEL STATUS
0003B5	22BA	CALL SERBITDELAY
0003B6	0000	NOP
0003B7	0000	NOP
0003B8	0000	NOP
		ENDIF11
0003B9	033A	DECF SER_INVERT,W
0003BA	1D03	BTFSS STATUS, Z
0003BB	2BC5	GOTO ENDIF12
0003BC	0340	DECF SER_SELECT,W
0003BD	1D03	BTFSS STATUS, Z
0003BE	2BC1	GOTO ENDIF24
000000	0022	BANKSEL LATB
0003C0	178D	BSF LATB,7
		ENDIF24
000000	0020	BANKSEL STATUS
0003C2	22BA	CALL SERBITDELAY
0003C3	0000	NOP
0003C4	0000	NOP
		ENDIF12
0003C5	0836	MOVF SERTEMP,W
0003C6	0230	SUBWF SERBIT,W
0003C7	1C03	BTFSS STATUS, C
0003C8	2BAB	GOTO SYSFORLOOP1
		SYSFORLOOPEND1
0003C9	0836	MOVF SERTEMP,W
0003CA	00DB	MOVWF TEMPPARITY
0003CB	01B0	CLRF SERBIT
0003CC	3001	MOVLW 1
0003CD	0238	SUBWF SER_DATA,W
0003CE	1C03	BTFSS STATUS, C
0003CF	2C10	GOTO SYSFORLOOPEND2
		SYSFORLOOP2
0003D0	0AB0	INCF SERBIT,F
0003D1	08BA	MOVF SER_INVERT,F
0003D2	1D03	BTFSS STATUS, Z
0003D3	2BEE	GOTO ENDIF15
0003D4	1C37	BTFSS SER_BYTE,0
0003D5	2BDE	GOTO ENDIF25
0003D6	0340	DECF SER_SELECT,W
0003D7	1D03	BTFSS STATUS, Z
0003D8	2BDB	GOTO ENDIF35
000000	0022	BANKSEL LATB
0003DA	178D	BSF LATB,7
		ENDIF35
000000	0020	BANKSEL STATUS
0003DC	22BA	CALL SERBITDELAY
0003DD	0ADB	INCF TEMPPARITY,F
		ENDIF25
0003DE	1837	BTFSC SER_BYTE,0
0003DF	2BEE	GOTO ENDIF26
0003E0	0340	DECF SER_SELECT,W
0003E1	1D03	BTFSS STATUS, Z
0003E2	2BE5	GOTO ENDIF36
000000	0022	BANKSEL LATB
0003E4	138D	BCF LATB,7
		ENDIF36
000000	0020	BANKSEL STATUS
0003E6	22BA	CALL SERBITDELAY
0003E7	0000	NOP
0003E8	0000	NOP
0003E9	0000	NOP
0003EA	0000	NOP
0003EB	0000	NOP
0003EC	0000	NOP
0003ED	0000	NOP
		ENDIF26
		ENDIF15
0003EE	033A	DECF SER_INVERT,W
0003EF	1D03	BTFSS STATUS, Z
0003F0	2C0B	GOTO ENDIF16
0003F1	1C37	BTFSS SER_BYTE,0
0003F2	2BFB	GOTO ENDIF27
0003F3	0340	DECF SER_SELECT,W
0003F4	1D03	BTFSS STATUS, Z
0003F5	2BF8	GOTO ENDIF37
000000	0022	BANKSEL LATB
0003F7	138D	BCF LATB,7
		ENDIF37
000000	0020	BANKSEL STATUS
0003F9	22BA	CALL SERBITDELAY
0003FA	0ADB	INCF TEMPPARITY,F
		ENDIF27
0003FB	1837	BTFSC SER_BYTE,0
0003FC	2C0B	GOTO ENDIF28
0003FD	0340	DECF SER_SELECT,W
0003FE	1D03	BTFSS STATUS, Z
0003FF	2C02	GOTO ENDIF38
000000	0022	BANKSEL LATB
000401	178D	BSF LATB,7
		ENDIF38
000000	0020	BANKSEL STATUS
000403	22BA	CALL SERBITDELAY
000404	0000	NOP
000405	0000	NOP
000406	0000	NOP
000407	0000	NOP
000408	0000	NOP
000409	0000	NOP
00040A	0000	NOP
		ENDIF28
		ENDIF16
00040B	0CB7	RRF SER_BYTE,F
00040C	0838	MOVF SER_DATA,W
00040D	0230	SUBWF SERBIT,W
00040E	1C03	BTFSS STATUS, C
00040F	2BD0	GOTO SYSFORLOOP2
		SYSFORLOOPEND2
000410	08BC	MOVF SER_PARITY,F
000411	1903	BTFSC STATUS, Z
000412	2C2B	GOTO ENDIF18
000413	033C	DECF SER_PARITY,W
000414	1903	BTFSC STATUS, Z
000415	0ADB	INCF TEMPPARITY,F
000416	033A	DECF SER_INVERT,W
000417	1903	BTFSC STATUS, Z
000418	0ADB	INCF TEMPPARITY,F
000419	1C5B	BTFSS TEMPPARITY,0
00041A	2C22	GOTO ENDIF31
00041B	0340	DECF SER_SELECT,W
00041C	1D03	BTFSS STATUS, Z
00041D	2C20	GOTO ENDIF39
000000	0022	BANKSEL LATB
00041F	138D	BCF LATB,7
		ENDIF39
000000	0020	BANKSEL STATUS
000421	22BA	CALL SERBITDELAY
		ENDIF31
000422	185B	BTFSC TEMPPARITY,0
000423	2C2B	GOTO ENDIF32
000424	0340	DECF SER_SELECT,W
000425	1D03	BTFSS STATUS, Z
000426	2C29	GOTO ENDIF40
000000	0022	BANKSEL LATB
000428	178D	BSF LATB,7
		ENDIF40
000000	0020	BANKSEL STATUS
00042A	22BA	CALL SERBITDELAY
		ENDIF32
		ENDIF18
00042B	01B0	CLRF SERBIT
00042C	3001	MOVLW 1
00042D	0244	SUBWF SER_STOP,W
00042E	1C03	BTFSS STATUS, C
00042F	2C49	GOTO SYSFORLOOPEND3
		SYSFORLOOP3
000430	0AB0	INCF SERBIT,F
000431	08BA	MOVF SER_INVERT,F
000432	1D03	BTFSS STATUS, Z
000433	2C3B	GOTO ENDIF20
000434	0340	DECF SER_SELECT,W
000435	1D03	BTFSS STATUS, Z
000436	2C39	GOTO ENDIF33
000000	0022	BANKSEL LATB
000438	178D	BSF LATB,7
		ENDIF33
000000	0020	BANKSEL STATUS
00043A	22BA	CALL SERBITDELAY
		ENDIF20
00043B	033A	DECF SER_INVERT,W
00043C	1D03	BTFSS STATUS, Z
00043D	2C45	GOTO ENDIF21
00043E	0340	DECF SER_SELECT,W
00043F	1D03	BTFSS STATUS, Z
000440	2C43	GOTO ENDIF34
000000	0022	BANKSEL LATB
000442	138D	BCF LATB,7
		ENDIF34
000000	0020	BANKSEL STATUS
000444	22BA	CALL SERBITDELAY
		ENDIF21
000445	0844	MOVF SER_STOP,W
000446	0230	SUBWF SERBIT,W
000447	1C03	BTFSS STATUS, C
000448	2C30	GOTO SYSFORLOOP3
		SYSFORLOOPEND3
000449	2ABA	GOTO SERBITDELAY


		SYSCOMPEQUAL32
00044A	01F0	CLRF SYSBYTETEMPX
00044B	0875	MOVF SYSLONGTEMPA, W
00044C	0279	SUBWF SYSLONGTEMPB, W
00044D	1D03	BTFSS STATUS, Z
00044E	0008	RETURN
00044F	0876	MOVF SYSLONGTEMPA_H, W
000450	027A	SUBWF SYSLONGTEMPB_H, W
000451	1D03	BTFSS STATUS, Z
000452	0008	RETURN
000453	0877	MOVF SYSLONGTEMPA_U, W
000454	027B	SUBWF SYSLONGTEMPB_U, W
000455	1D03	BTFSS STATUS, Z
000456	0008	RETURN
000457	0878	MOVF SYSLONGTEMPA_E, W
000458	027C	SUBWF SYSLONGTEMPB_E, W
000459	1D03	BTFSS STATUS, Z
00045A	0008	RETURN
00045B	09F0	COMF SYSBYTETEMPX,F
00045C	0008	RETURN


		SYSCOMPLESSTHAN32
00045D	01F0	CLRF SYSBYTETEMPX
00045E	0878	MOVF SYSLONGTEMPA_E,W
00045F	027C	SUBWF SYSLONGTEMPB_E,W
000460	1C03	BTFSS STATUS,C
000461	0008	RETURN
000462	1D03	BTFSS STATUS,Z
000463	2C74	GOTO SCLT32TRUE
000464	0877	MOVF SYSLONGTEMPA_U,W
000465	027B	SUBWF SYSLONGTEMPB_U,W
000466	1C03	BTFSS STATUS,C
000467	0008	RETURN
000468	1D03	BTFSS STATUS,Z
000469	2C74	GOTO SCLT32TRUE
00046A	0876	MOVF SYSLONGTEMPA_H,W
00046B	027A	SUBWF SYSLONGTEMPB_H,W
00046C	1C03	BTFSS STATUS,C
00046D	0008	RETURN
00046E	1D03	BTFSS STATUS,Z
00046F	2C74	GOTO SCLT32TRUE
000470	0879	MOVF SYSLONGTEMPB,W
000471	0275	SUBWF SYSLONGTEMPA,W
000472	1803	BTFSC STATUS,C
000473	0008	RETURN
		SCLT32TRUE
000474	09F0	COMF SYSBYTETEMPX,F
000475	0008	RETURN


		SYSDIVSUB32
000476	0875	MOVF SYSLONGTEMPA,W
000477	00C7	MOVWF SYSLONGDIVMULTA
000478	0876	MOVF SYSLONGTEMPA_H,W
000479	00C8	MOVWF SYSLONGDIVMULTA_H
00047A	0877	MOVF SYSLONGTEMPA_U,W
00047B	00C9	MOVWF SYSLONGDIVMULTA_U
00047C	0878	MOVF SYSLONGTEMPA_E,W
00047D	00CA	MOVWF SYSLONGDIVMULTA_E
00047E	0879	MOVF SYSLONGTEMPB,W
00047F	00CB	MOVWF SYSLONGDIVMULTB
000480	087A	MOVF SYSLONGTEMPB_H,W
000481	00CC	MOVWF SYSLONGDIVMULTB_H
000482	087B	MOVF SYSLONGTEMPB_U,W
000483	00CD	MOVWF SYSLONGDIVMULTB_U
000484	087C	MOVF SYSLONGTEMPB_E,W
000485	00CE	MOVWF SYSLONGDIVMULTB_E
000486	01CF	CLRF SYSLONGDIVMULTX
000487	01D0	CLRF SYSLONGDIVMULTX_H
000488	01D1	CLRF SYSLONGDIVMULTX_U
000489	01D2	CLRF SYSLONGDIVMULTX_E
00048A	084B	MOVF SYSLONGDIVMULTB,W
00048B	00F5	MOVWF SYSLONGTEMPA
00048C	084C	MOVF SYSLONGDIVMULTB_H,W
00048D	00F6	MOVWF SYSLONGTEMPA_H
00048E	084D	MOVF SYSLONGDIVMULTB_U,W
00048F	00F7	MOVWF SYSLONGTEMPA_U
000490	084E	MOVF SYSLONGDIVMULTB_E,W
000491	00F8	MOVWF SYSLONGTEMPA_E
000492	01F9	CLRF SYSLONGTEMPB
000493	01FA	CLRF SYSLONGTEMPB_H
000494	01FB	CLRF SYSLONGTEMPB_U
000495	01FC	CLRF SYSLONGTEMPB_E
000496	244A	CALL SYSCOMPEQUAL32
000497	1C70	BTFSS SYSBYTETEMPX,0
000498	2C9E	GOTO ENDIF58
000499	01F5	CLRF SYSLONGTEMPA
00049A	01F6	CLRF SYSLONGTEMPA_H
00049B	01F7	CLRF SYSLONGTEMPA_U
00049C	01F8	CLRF SYSLONGTEMPA_E
00049D	0008	RETURN
		ENDIF58
00049E	3020	MOVLW 32
00049F	00F4	MOVWF SYSDIVLOOP
		SYSDIV32START
0004A0	1003	BCF STATUS,C
0004A1	0DC7	RLF SYSLONGDIVMULTA,F
0004A2	0DC8	RLF SYSLONGDIVMULTA_H,F
0004A3	0DC9	RLF SYSLONGDIVMULTA_U,F
0004A4	0DCA	RLF SYSLONGDIVMULTA_E,F
0004A5	0DCF	RLF SYSLONGDIVMULTX,F
0004A6	0DD0	RLF SYSLONGDIVMULTX_H,F
0004A7	0DD1	RLF SYSLONGDIVMULTX_U,F
0004A8	0DD2	RLF SYSLONGDIVMULTX_E,F
0004A9	084B	MOVF SYSLONGDIVMULTB,W
0004AA	02CF	SUBWF SYSLONGDIVMULTX,F
0004AB	084C	MOVF SYSLONGDIVMULTB_H,W
0004AC	3BD0	SUBWFB SYSLONGDIVMULTX_H,F
0004AD	084D	MOVF SYSLONGDIVMULTB_U,W
0004AE	3BD1	SUBWFB SYSLONGDIVMULTX_U,F
0004AF	084E	MOVF SYSLONGDIVMULTB_E,W
0004B0	3BD2	SUBWFB SYSLONGDIVMULTX_E,F
0004B1	1447	BSF SYSLONGDIVMULTA,0
0004B2	1803	BTFSC STATUS,C
0004B3	2CBD	GOTO ENDIF59
0004B4	1047	BCF SYSLONGDIVMULTA,0
0004B5	084B	MOVF SYSLONGDIVMULTB,W
0004B6	07CF	ADDWF SYSLONGDIVMULTX,F
0004B7	084C	MOVF SYSLONGDIVMULTB_H,W
0004B8	3DD0	ADDWFC SYSLONGDIVMULTX_H,F
0004B9	084D	MOVF SYSLONGDIVMULTB_U,W
0004BA	3DD1	ADDWFC SYSLONGDIVMULTX_U,F
0004BB	084E	MOVF SYSLONGDIVMULTB_E,W
0004BC	3DD2	ADDWFC SYSLONGDIVMULTX_E,F
		ENDIF59
0004BD	0BF4	DECFSZ SYSDIVLOOP, F
0004BE	2CA0	GOTO SYSDIV32START
0004BF	0847	MOVF SYSLONGDIVMULTA,W
0004C0	00F5	MOVWF SYSLONGTEMPA
0004C1	0848	MOVF SYSLONGDIVMULTA_H,W
0004C2	00F6	MOVWF SYSLONGTEMPA_H
0004C3	0849	MOVF SYSLONGDIVMULTA_U,W
0004C4	00F7	MOVWF SYSLONGTEMPA_U
0004C5	084A	MOVF SYSLONGDIVMULTA_E,W
0004C6	00F8	MOVWF SYSLONGTEMPA_E
0004C7	084F	MOVF SYSLONGDIVMULTX,W
0004C8	00F0	MOVWF SYSLONGTEMPX
0004C9	0850	MOVF SYSLONGDIVMULTX_H,W
0004CA	00F1	MOVWF SYSLONGTEMPX_H
0004CB	0851	MOVF SYSLONGDIVMULTX_U,W
0004CC	00F2	MOVWF SYSLONGTEMPX_U
0004CD	0852	MOVF SYSLONGDIVMULTX_E,W
0004CE	00F3	MOVWF SYSLONGTEMPX_E
0004CF	0008	RETURN


		SYSMULTSUB32
0004D0	0875	MOVF SYSLONGTEMPA,W
0004D1	00C7	MOVWF SYSLONGDIVMULTA
0004D2	0876	MOVF SYSLONGTEMPA_H,W
0004D3	00C8	MOVWF SYSLONGDIVMULTA_H
0004D4	0877	MOVF SYSLONGTEMPA_U,W
0004D5	00C9	MOVWF SYSLONGDIVMULTA_U
0004D6	0878	MOVF SYSLONGTEMPA_E,W
0004D7	00CA	MOVWF SYSLONGDIVMULTA_E
0004D8	0879	MOVF SYSLONGTEMPB,W
0004D9	00CB	MOVWF SYSLONGDIVMULTB
0004DA	087A	MOVF SYSLONGTEMPB_H,W
0004DB	00CC	MOVWF SYSLONGDIVMULTB_H
0004DC	087B	MOVF SYSLONGTEMPB_U,W
0004DD	00CD	MOVWF SYSLONGDIVMULTB_U
0004DE	087C	MOVF SYSLONGTEMPB_E,W
0004DF	00CE	MOVWF SYSLONGDIVMULTB_E
0004E0	01CF	CLRF SYSLONGDIVMULTX
0004E1	01D0	CLRF SYSLONGDIVMULTX_H
0004E2	01D1	CLRF SYSLONGDIVMULTX_U
0004E3	01D2	CLRF SYSLONGDIVMULTX_E
		MUL32LOOP
0004E4	1C4B	BTFSS SYSLONGDIVMULTB,0
0004E5	2CEE	GOTO ENDIF56
0004E6	0847	MOVF SYSLONGDIVMULTA,W
0004E7	07CF	ADDWF SYSLONGDIVMULTX,F
0004E8	0848	MOVF SYSLONGDIVMULTA_H,W
0004E9	3DD0	ADDWFC SYSLONGDIVMULTX_H,F
0004EA	0849	MOVF SYSLONGDIVMULTA_U,W
0004EB	3DD1	ADDWFC SYSLONGDIVMULTX_U,F
0004EC	084A	MOVF SYSLONGDIVMULTA_E,W
0004ED	3DD2	ADDWFC SYSLONGDIVMULTX_E,F
		ENDIF56
0004EE	1003	BCF STATUS,C
0004EF	0CCE	RRF SYSLONGDIVMULTB_E,F
0004F0	0CCD	RRF SYSLONGDIVMULTB_U,F
0004F1	0CCC	RRF SYSLONGDIVMULTB_H,F
0004F2	0CCB	RRF SYSLONGDIVMULTB,F
0004F3	1003	BCF STATUS,C
0004F4	0DC7	RLF SYSLONGDIVMULTA,F
0004F5	0DC8	RLF SYSLONGDIVMULTA_H,F
0004F6	0DC9	RLF SYSLONGDIVMULTA_U,F
0004F7	0DCA	RLF SYSLONGDIVMULTA_E,F
0004F8	084B	MOVF SYSLONGDIVMULTB,W
0004F9	00F9	MOVWF SYSLONGTEMPB
0004FA	084C	MOVF SYSLONGDIVMULTB_H,W
0004FB	00FA	MOVWF SYSLONGTEMPB_H
0004FC	084D	MOVF SYSLONGDIVMULTB_U,W
0004FD	00FB	MOVWF SYSLONGTEMPB_U
0004FE	084E	MOVF SYSLONGDIVMULTB_E,W
0004FF	00FC	MOVWF SYSLONGTEMPB_E
000500	01F5	CLRF SYSLONGTEMPA
000501	01F6	CLRF SYSLONGTEMPA_H
000502	01F7	CLRF SYSLONGTEMPA_U
000503	01F8	CLRF SYSLONGTEMPA_E
000504	245D	CALL SYSCOMPLESSTHAN32
000505	1870	BTFSC SYSBYTETEMPX,0
000506	2CE4	GOTO MUL32LOOP
000507	084F	MOVF SYSLONGDIVMULTX,W
000508	00F0	MOVWF SYSLONGTEMPX
000509	0850	MOVF SYSLONGDIVMULTX_H,W
00050A	00F1	MOVWF SYSLONGTEMPX_H
00050B	0851	MOVF SYSLONGDIVMULTX_U,W
00050C	00F2	MOVWF SYSLONGTEMPX_U
00050D	0852	MOVF SYSLONGDIVMULTX_E,W
00050E	00F3	MOVWF SYSLONGTEMPX_E
00050F	0008	RETURN


		SYSREADSTRING
000510	2520	CALL SYSSTRINGTABLES
000511	00F5	MOVWF SYSCALCTEMPA
000512	0081	MOVWF INDF1
000513	2D17	GOTO SYSSTRINGREADCHECK
		SYSREADSTRINGPART
000514	2520	CALL SYSSTRINGTABLES
000515	00F5	MOVWF SYSCALCTEMPA
000516	07F6	ADDWF SYSSTRINGLENGTH,F
		SYSSTRINGREADCHECK
000517	08F5	MOVF SYSCALCTEMPA,F
000518	1903	BTFSC STATUS,Z
000519	0008	RETURN
		SYSSTRINGREAD
00051A	2520	CALL SYSSTRINGTABLES
00051B	3141	ADDFSR 1,1
00051C	0081	MOVWF INDF1
00051D	0BF5	DECFSZ SYSCALCTEMPA, F
00051E	2D1A	GOTO SYSSTRINGREAD
00051F	0008	RETURN


		SYSSTRINGTABLES
000520	0878	MOVF SYSSTRINGA_H,W
000521	008A	MOVWF PCLATH
000522	0877	MOVF SYSSTRINGA,W
000523	0AF7	INCF SYSSTRINGA,F
000524	1903	BTFSC STATUS,Z
000525	0AF8	INCF SYSSTRINGA_H,F
000526	0082	MOVWF PCL

		STRINGTABLE1
000527	3405	RETLW 5
000528	3441	RETLW 65
000529	344E	RETLW 78
00052A	3431	RETLW 49
00052B	3433	RETLW 51
00052C	3420	RETLW 32


		STRINGTABLE2
00052D	3405	RETLW 5
00052E	3441	RETLW 65
00052F	344E	RETLW 78
000530	3431	RETLW 49
000531	3431	RETLW 49
000532	3420	RETLW 32


		STRINGTABLE3
000533	3404	RETLW 4
000534	3454	RETLW 84
000535	346F	RETLW 111
000536	346E	RETLW 110
000537	3420	RETLW 32


		STRINGTABLE4
000538	3405	RETLW 5
000539	3454	RETLW 84
00053A	346F	RETLW 111
00053B	3466	RETLW 102
00053C	3466	RETLW 102
00053D	3420	RETLW 32


		STRINGTABLE5
00053E	3405	RETLW 5
00053F	3444	RETLW 68
000540	3475	RETLW 117
000541	3474	RETLW 116
000542	3479	RETLW 121
000543	3420	RETLW 32


		STRINGTABLE6
000544	3405	RETLW 5
000545	3454	RETLW 84
000546	3469	RETLW 105
000547	346D	RETLW 109
000548	3465	RETLW 101
000549	3420	RETLW 32










